COMPILE_EXIT=0

=== branch hazard: ID-stage resolve + flush + redirect ===
  [bubble] cycle=1  pc(IF)=00000000  if_id_pc=00000000  <- reset
  [bubble] cycle=4  pc(IF)=00000010  if_id_pc=ffffffff  <- flush
  [bubble] cycle=6  pc(IF)=00000018  if_id_pc=ffffffff  <- flush
  [bubble] cycle=8  pc(IF)=00000020  if_id_pc=ffffffff  <- flush
-- ID ???????????--
  [ ok ] path[0] = 00000000
  [ ok ] path[1] = 00000004
  [ ok ] path[2] = 00000010
  [ ok ] path[3] = 00000018
  [ ok ] path[4] = 00000020
  [ ok ] path[5] = 00000024
  [ ok ] path[6] = 00000028
  [ ok ] path[7] = 0000002c
  [ ok ] path[8] = 00000030
  ?????12 ??????????? 4 ??= ?????? 3 + ??? 1
  [ ok ] ??????:3 ????????jump ??? 1 ?????
-- ?????? --
  [ ok ] x1 =5      (addi ???)
  [ ok ] x9 =1      (addi ???)
  [ ok ] x5 =14     (jal  ?????= if_id_pc+4 = 0x10+4)
  [ ok ] x7 =1c     (jalr ?????= if_id_pc+4 = 0x18+4)
  [ ok ] x24=fffff999 (bne ???????????)
  [ ok ] x25=fffffaaa (beq ???????????)
  [ ok ] x20~x23 ??0 (????????????????
=== PASS ===

