VCD info: dumpfile rom_probe.vcd opened for output.
  time | resetn |   pc    | next_pc | rom_addr(word) | ada_reg |  rom_inst  | if_id_pc | if_id_inst
-------+--------+---------+---------+----------------+---------+------------+----------+-----------
DBG DRM.INIT_FILE = NONE
DBG DRM.INIT_00   = 00000000100000006f000c906330008124932004504330008102b3001410213002800093
DBG spram INIT_00 = 00000000100000006f000c906330008124932004504330008102b3001410213002800093
DBG mem[3..0]     = 000 0a0 000 093
DBG word0         = 00a00093
DBG spram c_INIT_FILE = NONE
    11 |   0    | 00000000 | 00000004  |       1        |    1    | 00000000 | 00000000 | 00000000
    21 |   0    | 00000000 | 00000004  |       1        |    1    | 00000000 | 00000000 | 00000000
    31 |   0    | 00000000 | 00000004  |       1        |    1    | 00000000 | 00000000 | 00000000
    41 |   0    | 00000000 | 00000004  |       1        |    1    | 00000000 | 00000000 | 00000000
    51 |   0    | 00000000 | 00000004  |       1        |    1    | 00000000 | 00000000 | 00000000
    61 |   0    | 00000000 | 00000004  |       1        |    1    | 00000000 | 00000000 | 00000000
    71 |   0    | 00000000 | 00000004  |       1        |    1    | 00000000 | 00000000 | 00000000
    81 |   0    | 00000000 | 00000004  |       1        |    1    | 00000000 | 00000000 | 00000000
    91 |   0    | 00000000 | 00000004  |       1        |    1    | 00000000 | 00000000 | 00000000
   101 |   1    | 00000004 | 00000008  |       2        |    1    | 00508113 | 00000000 | 00000000
   111 |   1    | 00000008 | 0000000c  |       3        |    2    | 002081b3 | 00000004 | 00508113
   121 |   1    | 0000000c | 00000010  |       4        |    3    | 40118233 | 00000008 | 002081b3
   131 |   1    | 00000010 | 00000014  |       5        |    4    | 00209293 | 0000000c | 40118233
   141 |   1    | 00000014 | 00000018  |       6        |    5    | 00328333 | 00000010 | 00209293
   151 |   1    | 00000018 | 0000001c  |       7        |    6    | 0000006f | 00000014 | 00328333
   161 |   1    | 0000001c | 00000020  |       8        |    7    | 00000001 | 00000018 | 0000006f
   171 |   1    | 00000020 | 00000024  |       9        |    8    | 00000002 | 0000001c | 00000001
   181 |   1    | 00000024 | 00000028  |      10        |    9    | 00000003 | 00000020 | 00000002
   191 |   1    | 00000028 | 0000002c  |      11        |   10    | 00000004 | 00000024 | 00000003
   201 |   1    | 0000002c | 00000030  |      12        |   11    | 00000005 | 00000028 | 00000004
   211 |   1    | 00000030 | 00000034  |      13        |   12    | 00000006 | 0000002c | 00000005
   221 |   1    | 00000034 | 00000038  |      14        |   13    | 00000007 | 00000030 | 00000006
   231 |   1    | 00000038 | 0000003c  |      15        |   14    | 00000008 | 00000034 | 00000007
   241 |   1    | 0000003c | 00000040  |      16        |   15    | 00000000 | 00000038 | 00000008
   251 |   1    | 00000040 | 00000044  |      17        |   16    | 00000000 | 0000003c | 00000000
   261 |   1    | 00000044 | 00000048  |      18        |   17    | 00000000 | 00000040 | 00000000
---- done ----
