  time | pc_r    | if_id_pc | valid | debug_inst
-------+---------+----------+-------+-----------
    11 | 00000000 | 00000000 |   0   | 00000000
    21 | 00000000 | 00000000 |   0   | 00000000
    31 | 00000000 | 00000000 |   0   | 00000000
    41 | 00000000 | 00000000 |   0   | 00000000
    51 | 00000000 | 00000000 |   0   | 00000000
    61 | 00000000 | 00000000 |   0   | 00000000
    71 | 00000000 | 00000000 |   0   | 00000000
    81 | 00000000 | 00000000 |   0   | 00000000
    91 | 00000000 | 00000000 |   0   | 00000000
   101 | 00000004 | 00000000 |   1   | 00a00093
   111 | 00000008 | 00000004 |   1   | 00508113
   121 | 0000000c | 00000008 |   1   | 002081b3
   131 | 00000010 | 0000000c |   1   | 40118233
   141 | 00000014 | 00000010 |   1   | 00209293
   151 | 00000018 | 00000014 |   1   | 00328333
   161 | 0000001c | 00000018 |   1   | 0000006f
   171 | 00000020 | 0000001c |   1   | 00000001
   181 | 00000024 | 00000020 |   1   | 00000002
   191 | 00000028 | 00000024 |   1   | 00000003
   201 | 0000002c | 00000028 |   1   | 00000004
---- done ----
