# Model Technology ModelSim DE-64 vlog 10.6c Compiler 2017.07 Jul 26 2017
# Start time: 15:42:19 on Oct 05,2026
# vlog -sv -work D:/riscv/RISCV/sim/uart_rx/uart_rx_work D:/riscv/RISCV/myriscv/uart_tx.v D:/riscv/RISCV/myriscv/uart_rx.v D:/riscv/RISCV/myriscv/uart_rx_fifo.v D:/riscv/RISCV/source/tb_uart_rx.v
# -- Compiling module uart_tx
# -- Compiling module uart_rx
# -- Compiling module uart_rx_fifo
# -- Compiling module tb_uart_rx
# -- Compiling module uart_fifo_unit_test
#
# Top level modules:
# 	tb_uart_rx
# End time: 15:42:19 on Oct 05,2026, Elapsed time: 0:00:00
# Errors: 0, Warnings: 0
# vsim -t 1fs -lib D:/riscv/RISCV/sim/uart_rx/uart_rx_work tb_uart_rx
# Start time: 15:42:20 on Oct 05,2026
# //  ModelSim DE-64 10.6c Jul 26 2017
# //
# //  Copyright 1991-2017 Mentor Graphics Corporation
# //  All Rights Reserved.
# //
# //  ModelSim DE-64 and its associated documentation contain trade
# //  secrets and commercial or financial information that are the property of
# //  Mentor Graphics Corporation and are privileged, confidential,
# //  and exempt from disclosure under the Freedom of Information Act,
# //  5 U.S.C. Section 552. Furthermore, this information
# //  is prohibited from disclosure under the Trade Secrets Act,
# //  18 U.S.C. Section 1905.
# //
# Loading sv_std.std
# Loading D:/riscv/RISCV/sim/uart_rx/uart_rx_work.tb_uart_rx
# Loading D:/riscv/RISCV/sim/uart_rx/uart_rx_work.uart_tx
# Loading D:/riscv/RISCV/sim/uart_rx/uart_rx_work.uart_rx
# Loading D:/riscv/RISCV/sim/uart_rx/uart_rx_work.uart_rx_fifo
# Loading D:/riscv/RISCV/sim/uart_rx/uart_rx_work.uart_fifo_unit_test
# CHECK: direct FIFO empty/full/consecutive read-write/simultaneous/wrap/reset, 209 cycles PASS
# CHECK: independent nominal UART Hello + 00/ff/55/aa/01/80, ordered FIFO PASS
# CHECK: false start rejected, next valid frame received PASS
# CHECK: bad stop frame_error pulse, error frame discarded, break recovery PASS
# CHECK: FIFO full/drop-new/4 overflow pulses/old data/full simultaneous read-write PASS
# CHECK: independent UART baud 102%, all 11 patterns PASS
# CHECK: independent UART baud 98%, all 11 patterns PASS
# CHECK: eight asynchronous phases and center-only data windows PASS
# CHECK: reset in idle/START/DATA/nonempty FIFO and subsequent reception PASS
# CHECK: unchanged uart_tx -> uart_rx -> FIFO, continuous Hello PASS
# RESULT: PASS uart_rx + fifo + loopback; good=75 frame_errors=1 overflow=4 writes=71 reads=70
# ** Note: $finish    : D:/riscv/RISCV/source/tb_uart_rx.v(347)
#    Time: 7327295542044 fs  Iteration: 1  Instance: /tb_uart_rx
# Break in Module tb_uart_rx at D:/riscv/RISCV/source/tb_uart_rx.v line 347
# Stopped at D:/riscv/RISCV/source/tb_uart_rx.v line 347
# End time: 15:42:21 on Oct 05,2026, Elapsed time: 0:00:01
# Errors: 0, Warnings: 0
