#Build: Fabric Compiler 2022.2-SP6.4, Build 146967, Jan 31 01:39 2024
#Install: C:\pango\PDS_2022.2-SP6.4\bin
#Application name: pds.exe
#OS: Windows 10 10.0.26200
#Hostname: DESKTOP-B8HQS4N
Generated by Fabric Compiler (version 2022.2-SP6.4 build 146967) at Sun Sep 13 09:00:52 2026
Parse module hierarchy of project 'D:/riscv/RISCV/temp_projects/Main_Flow/Main_Flow.pds' (ADS Parser)
File "D:/riscv/RISCV/myriscv/topcpu_instrom.v" has been removed from project successfully. 
Parse module hierarchy of project 'D:/riscv/RISCV/temp_projects/Main_Flow/Main_Flow.pds' (ADS Parser)
File "D:/riscv/RISCV/source/tb_topcpu_instrom.v" has been removed from project successfully. 
Parse module hierarchy of project 'D:/riscv/RISCV/temp_projects/Main_Flow/Main_Flow.pds' (ADS Parser)
File "D:/riscv/RISCV/myriscv/mycpu_sync.v" has been added to project successfully. 
Parse module hierarchy of project 'D:/riscv/RISCV/temp_projects/Main_Flow/Main_Flow.pds' (ADS Parser)
E: Verilog-4039: [D:/riscv/RISCV/myriscv/mycpu_sync.v(line number: 182)] Identifier valid is not declared
E: Verilog-4039: [D:/riscv/RISCV/myriscv/mycpu_sync.v(line number: 197)] Identifier valid is not declared
E: Parsing ERROR.
Parse module hierarchy of project 'D:/riscv/RISCV/temp_projects/Main_Flow/Main_Flow.pds' (ADS Parser)
I: Flow-6004: Design file modified: "D:/riscv/RISCV/myriscv/mycpu_sync.v". 
E: Verilog-4039: [D:/riscv/RISCV/myriscv/mycpu_sync.v(line number: 9)] Identifier valid is not declared
E: Verilog-4039: [D:/riscv/RISCV/myriscv/mycpu_sync.v(line number: 12)] Identifier valid is not declared
E: Verilog-4039: [D:/riscv/RISCV/myriscv/mycpu_sync.v(line number: 182)] Identifier valid is not declared
E: Verilog-4039: [D:/riscv/RISCV/myriscv/mycpu_sync.v(line number: 197)] Identifier valid is not declared
E: Parsing ERROR.
Parse module hierarchy of project 'D:/riscv/RISCV/temp_projects/Main_Flow/Main_Flow.pds' (ADS Parser)
I: Flow-6004: Design file modified: "D:/riscv/RISCV/myriscv/mycpu_sync.v". 
E: Verilog-4039: [D:/riscv/RISCV/myriscv/mycpu_sync.v(line number: 9)] Identifier valid is not declared
E: Verilog-4039: [D:/riscv/RISCV/myriscv/mycpu_sync.v(line number: 12)] Identifier valid is not declared
E: Verilog-4039: [D:/riscv/RISCV/myriscv/mycpu_sync.v(line number: 27)] Identifier valid is not declared
E: Verilog-4039: [D:/riscv/RISCV/myriscv/mycpu_sync.v(line number: 32)] Identifier valid is not declared
E: Verilog-4039: [D:/riscv/RISCV/myriscv/mycpu_sync.v(line number: 40)] Identifier valid is not declared
E: Verilog-4039: [D:/riscv/RISCV/myriscv/mycpu_sync.v(line number: 182)] Identifier valid is not declared
E: Verilog-4039: [D:/riscv/RISCV/myriscv/mycpu_sync.v(line number: 197)] Identifier valid is not declared
E: Parsing ERROR.


Process "Compile" started.
Current time: Sun Sep 13 09:03:02 2026
Compiling architecture definition.
Analyzing project file 'D:/riscv/RISCV/RISCV.pds'.
License checkout: fabric_ads from C:\pango\PDS_2022.2-SP6.4\license\new_pds_F4A80DA47D72.lic
Compiling verification operator library.
Loading technology operator library.
Compiling technology operator library.
Compiling technology operator (valence) library.
I: Enable Verilog2k features and keywords
Start rtl-analyze.
Executing : .rtl_analyze -work work -include_path {D:/riscv/RISCV} D:/riscv/RISCV/myriscv/mycpu_sync.v
I: Verilog-0001: Analyzing file D:/riscv/RISCV/myriscv/mycpu_sync.v
I: Verilog-0002: [D:/riscv/RISCV/myriscv/mycpu_sync.v(line number: 1)] Analyzing module mycpu_single_async (library work)
E: Verilog-4039: [D:/riscv/RISCV/myriscv/mycpu_sync.v(line number: 9)] Identifier valid is not declared
E: Verilog-4039: [D:/riscv/RISCV/myriscv/mycpu_sync.v(line number: 12)] Identifier valid is not declared
E: Verilog-4039: [D:/riscv/RISCV/myriscv/mycpu_sync.v(line number: 27)] Identifier valid is not declared
E: Verilog-4039: [D:/riscv/RISCV/myriscv/mycpu_sync.v(line number: 32)] Identifier valid is not declared
E: Verilog-4039: [D:/riscv/RISCV/myriscv/mycpu_sync.v(line number: 40)] Identifier valid is not declared
E: Verilog-4039: [D:/riscv/RISCV/myriscv/mycpu_sync.v(line number: 182)] Identifier valid is not declared
E: Verilog-4039: [D:/riscv/RISCV/myriscv/mycpu_sync.v(line number: 197)] Identifier valid is not declared
E: Parsing ERROR.
Executing : .rtl_analyze -work work -include_path {D:/riscv/RISCV} D:/riscv/RISCV/myriscv/mycpu_sync.v successfully.
Executing : .rtl_analyze -include_path {D:/riscv/RISCV} D:/riscv/RISCV/ipcore/inst_rom/rtl/ipm2l_rom_v1_8_inst_rom.v
I: Verilog-0001: Analyzing file D:/riscv/RISCV/ipcore/inst_rom/rtl/ipm2l_rom_v1_8_inst_rom.v
I: Verilog-0002: [D:/riscv/RISCV/ipcore/inst_rom/rtl/ipm2l_rom_v1_8_inst_rom.v(line number: 18)] Analyzing module ipm2l_rom_v1_8_inst_rom (library work)
Parsing done.
Executing : .rtl_analyze -include_path {D:/riscv/RISCV} D:/riscv/RISCV/ipcore/inst_rom/rtl/ipm2l_rom_v1_8_inst_rom.v successfully.
Executing : .rtl_analyze -include_path {D:/riscv/RISCV} D:/riscv/RISCV/ipcore/inst_rom/rtl/ipm2l_spram_v1_8_inst_rom.v
I: Verilog-0001: Analyzing file D:/riscv/RISCV/ipcore/inst_rom/rtl/ipm2l_spram_v1_8_inst_rom.v
I: Verilog-0002: [D:/riscv/RISCV/ipcore/inst_rom/rtl/ipm2l_spram_v1_8_inst_rom.v(line number: 17)] Analyzing module ipm2l_spram_v1_8_inst_rom (library work)
I: Found Verilog include file D:/riscv/RISCV/ipcore/inst_rom/rtl/inst_rom_init_param.v
W: Verilog-2008: [D:/riscv/RISCV/ipcore/inst_rom/rtl/ipm2l_spram_v1_8_inst_rom.v(line number: 133)] Ignore 'system task' $display
W: Verilog-2008: [D:/riscv/RISCV/ipcore/inst_rom/rtl/ipm2l_spram_v1_8_inst_rom.v(line number: 137)] Ignore 'system task' $display
W: Verilog-2008: [D:/riscv/RISCV/ipcore/inst_rom/rtl/ipm2l_spram_v1_8_inst_rom.v(line number: 145)] Ignore 'system task' $display
W: Verilog-2008: [D:/riscv/RISCV/ipcore/inst_rom/rtl/ipm2l_spram_v1_8_inst_rom.v(line number: 146)] Ignore 'system task' $finish
W: Verilog-2008: [D:/riscv/RISCV/ipcore/inst_rom/rtl/ipm2l_spram_v1_8_inst_rom.v(line number: 149)] Ignore 'system task' $display
W: Verilog-2008: [D:/riscv/RISCV/ipcore/inst_rom/rtl/ipm2l_spram_v1_8_inst_rom.v(line number: 150)] Ignore 'system task' $finish
W: Verilog-2008: [D:/riscv/RISCV/ipcore/inst_rom/rtl/ipm2l_spram_v1_8_inst_rom.v(line number: 153)] Ignore 'system task' $display
W: Verilog-2008: [D:/riscv/RISCV/ipcore/inst_rom/rtl/ipm2l_spram_v1_8_inst_rom.v(line number: 154)] Ignore 'system task' $finish
W: Verilog-2008: [D:/riscv/RISCV/ipcore/inst_rom/rtl/ipm2l_spram_v1_8_inst_rom.v(line number: 157)] Ignore 'system task' $display
W: Verilog-2008: [D:/riscv/RISCV/ipcore/inst_rom/rtl/ipm2l_spram_v1_8_inst_rom.v(line number: 158)] Ignore 'system task' $finish
W: Verilog-2008: [D:/riscv/RISCV/ipcore/inst_rom/rtl/ipm2l_spram_v1_8_inst_rom.v(line number: 161)] Ignore 'system task' $display
W: Verilog-2008: [D:/riscv/RISCV/ipcore/inst_rom/rtl/ipm2l_spram_v1_8_inst_rom.v(line number: 162)] Ignore 'system task' $finish
W: Verilog-2008: [D:/riscv/RISCV/ipcore/inst_rom/rtl/ipm2l_spram_v1_8_inst_rom.v(line number: 165)] Ignore 'system task' $display
W: Verilog-2008: [D:/riscv/RISCV/ipcore/inst_rom/rtl/ipm2l_spram_v1_8_inst_rom.v(line number: 166)] Ignore 'system task' $finish
W: Verilog-2008: [D:/riscv/RISCV/ipcore/inst_rom/rtl/ipm2l_spram_v1_8_inst_rom.v(line number: 169)] Ignore 'system task' $display
W: Verilog-2008: [D:/riscv/RISCV/ipcore/inst_rom/rtl/ipm2l_spram_v1_8_inst_rom.v(line number: 170)] Ignore 'system task' $finish
W: Verilog-2008: [D:/riscv/RISCV/ipcore/inst_rom/rtl/ipm2l_spram_v1_8_inst_rom.v(line number: 173)] Ignore 'system task' $display
W: Verilog-2008: [D:/riscv/RISCV/ipcore/inst_rom/rtl/ipm2l_spram_v1_8_inst_rom.v(line number: 174)] Ignore 'system task' $finish
W: Verilog-2008: [D:/riscv/RISCV/ipcore/inst_rom/rtl/ipm2l_spram_v1_8_inst_rom.v(line number: 177)] Ignore 'system task' $display
W: Verilog-2008: [D:/riscv/RISCV/ipcore/inst_rom/rtl/ipm2l_spram_v1_8_inst_rom.v(line number: 178)] Ignore 'system task' $finish
W: Verilog-2008: [D:/riscv/RISCV/ipcore/inst_rom/rtl/ipm2l_spram_v1_8_inst_rom.v(line number: 181)] Ignore 'system task' $display
W: Verilog-2008: [D:/riscv/RISCV/ipcore/inst_rom/rtl/ipm2l_spram_v1_8_inst_rom.v(line number: 182)] Ignore 'system task' $finish
W: Verilog-2008: [D:/riscv/RISCV/ipcore/inst_rom/rtl/ipm2l_spram_v1_8_inst_rom.v(line number: 185)] Ignore 'system task' $display
W: Verilog-2008: [D:/riscv/RISCV/ipcore/inst_rom/rtl/ipm2l_spram_v1_8_inst_rom.v(line number: 186)] Ignore 'system task' $finish
W: Verilog-2008: [D:/riscv/RISCV/ipcore/inst_rom/rtl/ipm2l_spram_v1_8_inst_rom.v(line number: 189)] Ignore 'system task' $display
W: Verilog-2008: [D:/riscv/RISCV/ipcore/inst_rom/rtl/ipm2l_spram_v1_8_inst_rom.v(line number: 190)] Ignore 'system task' $finish
W: Verilog-2008: [D:/riscv/RISCV/ipcore/inst_rom/rtl/ipm2l_spram_v1_8_inst_rom.v(line number: 194)] Ignore 'system task' $display
W: Verilog-2008: [D:/riscv/RISCV/ipcore/inst_rom/rtl/ipm2l_spram_v1_8_inst_rom.v(line number: 195)] Ignore 'system task' $finish
W: Verilog-2008: [D:/riscv/RISCV/ipcore/inst_rom/rtl/ipm2l_spram_v1_8_inst_rom.v(line number: 198)] Ignore 'system task' $display
W: Verilog-2008: [D:/riscv/RISCV/ipcore/inst_rom/rtl/ipm2l_spram_v1_8_inst_rom.v(line number: 199)] Ignore 'system task' $finish
W: Verilog-2008: [D:/riscv/RISCV/ipcore/inst_rom/rtl/ipm2l_spram_v1_8_inst_rom.v(line number: 203)] Ignore 'system task' $display
W: Verilog-2008: [D:/riscv/RISCV/ipcore/inst_rom/rtl/ipm2l_spram_v1_8_inst_rom.v(line number: 204)] Ignore 'system task' $finish
W: Verilog-2008: [D:/riscv/RISCV/ipcore/inst_rom/rtl/ipm2l_spram_v1_8_inst_rom.v(line number: 207)] Ignore 'system task' $display
W: Verilog-2008: [D:/riscv/RISCV/ipcore/inst_rom/rtl/ipm2l_spram_v1_8_inst_rom.v(line number: 208)] Ignore 'system task' $finish
Parsing done.
Executing : .rtl_analyze -include_path {D:/riscv/RISCV} D:/riscv/RISCV/ipcore/inst_rom/rtl/ipm2l_spram_v1_8_inst_rom.v successfully.
Executing : .rtl_analyze -include_path {D:/riscv/RISCV} D:/riscv/RISCV/ipcore/inst_rom/inst_rom.v
I: Verilog-0001: Analyzing file D:/riscv/RISCV/ipcore/inst_rom/inst_rom.v
I: Verilog-0002: [D:/riscv/RISCV/ipcore/inst_rom/inst_rom.v(line number: 16)] Analyzing module inst_rom (library work)
Parsing done.
Executing : .rtl_analyze -include_path {D:/riscv/RISCV} D:/riscv/RISCV/ipcore/inst_rom/inst_rom.v successfully.
Executing : .rtl_analyze -include_path {D:/riscv/RISCV} D:/riscv/RISCV/ipcore/data_ram/rtl/ipm2l_spram_v1_8_data_ram.v
I: Verilog-0001: Analyzing file D:/riscv/RISCV/ipcore/data_ram/rtl/ipm2l_spram_v1_8_data_ram.v
I: Verilog-0002: [D:/riscv/RISCV/ipcore/data_ram/rtl/ipm2l_spram_v1_8_data_ram.v(line number: 17)] Analyzing module ipm2l_spram_v1_8_data_ram (library work)
I: Found Verilog include file D:/riscv/RISCV/ipcore/data_ram/rtl/data_ram_init_param.v
W: Verilog-2008: [D:/riscv/RISCV/ipcore/data_ram/rtl/ipm2l_spram_v1_8_data_ram.v(line number: 133)] Ignore 'system task' $display
W: Verilog-2008: [D:/riscv/RISCV/ipcore/data_ram/rtl/ipm2l_spram_v1_8_data_ram.v(line number: 137)] Ignore 'system task' $display
W: Verilog-2008: [D:/riscv/RISCV/ipcore/data_ram/rtl/ipm2l_spram_v1_8_data_ram.v(line number: 145)] Ignore 'system task' $display
W: Verilog-2008: [D:/riscv/RISCV/ipcore/data_ram/rtl/ipm2l_spram_v1_8_data_ram.v(line number: 146)] Ignore 'system task' $finish
W: Verilog-2008: [D:/riscv/RISCV/ipcore/data_ram/rtl/ipm2l_spram_v1_8_data_ram.v(line number: 149)] Ignore 'system task' $display
W: Verilog-2008: [D:/riscv/RISCV/ipcore/data_ram/rtl/ipm2l_spram_v1_8_data_ram.v(line number: 150)] Ignore 'system task' $finish
W: Verilog-2008: [D:/riscv/RISCV/ipcore/data_ram/rtl/ipm2l_spram_v1_8_data_ram.v(line number: 153)] Ignore 'system task' $display
W: Verilog-2008: [D:/riscv/RISCV/ipcore/data_ram/rtl/ipm2l_spram_v1_8_data_ram.v(line number: 154)] Ignore 'system task' $finish
W: Verilog-2008: [D:/riscv/RISCV/ipcore/data_ram/rtl/ipm2l_spram_v1_8_data_ram.v(line number: 157)] Ignore 'system task' $display
W: Verilog-2008: [D:/riscv/RISCV/ipcore/data_ram/rtl/ipm2l_spram_v1_8_data_ram.v(line number: 158)] Ignore 'system task' $finish
W: Verilog-2008: [D:/riscv/RISCV/ipcore/data_ram/rtl/ipm2l_spram_v1_8_data_ram.v(line number: 161)] Ignore 'system task' $display
W: Verilog-2008: [D:/riscv/RISCV/ipcore/data_ram/rtl/ipm2l_spram_v1_8_data_ram.v(line number: 162)] Ignore 'system task' $finish
W: Verilog-2008: [D:/riscv/RISCV/ipcore/data_ram/rtl/ipm2l_spram_v1_8_data_ram.v(line number: 165)] Ignore 'system task' $display
W: Verilog-2008: [D:/riscv/RISCV/ipcore/data_ram/rtl/ipm2l_spram_v1_8_data_ram.v(line number: 166)] Ignore 'system task' $finish
W: Verilog-2008: [D:/riscv/RISCV/ipcore/data_ram/rtl/ipm2l_spram_v1_8_data_ram.v(line number: 169)] Ignore 'system task' $display
W: Verilog-2008: [D:/riscv/RISCV/ipcore/data_ram/rtl/ipm2l_spram_v1_8_data_ram.v(line number: 170)] Ignore 'system task' $finish
W: Verilog-2008: [D:/riscv/RISCV/ipcore/data_ram/rtl/ipm2l_spram_v1_8_data_ram.v(line number: 173)] Ignore 'system task' $display
W: Verilog-2008: [D:/riscv/RISCV/ipcore/data_ram/rtl/ipm2l_spram_v1_8_data_ram.v(line number: 174)] Ignore 'system task' $finish
W: Verilog-2008: [D:/riscv/RISCV/ipcore/data_ram/rtl/ipm2l_spram_v1_8_data_ram.v(line number: 177)] Ignore 'system task' $display
W: Verilog-2008: [D:/riscv/RISCV/ipcore/data_ram/rtl/ipm2l_spram_v1_8_data_ram.v(line number: 178)] Ignore 'system task' $finish
W: Verilog-2008: [D:/riscv/RISCV/ipcore/data_ram/rtl/ipm2l_spram_v1_8_data_ram.v(line number: 181)] Ignore 'system task' $display
W: Verilog-2008: [D:/riscv/RISCV/ipcore/data_ram/rtl/ipm2l_spram_v1_8_data_ram.v(line number: 182)] Ignore 'system task' $finish
W: Verilog-2008: [D:/riscv/RISCV/ipcore/data_ram/rtl/ipm2l_spram_v1_8_data_ram.v(line number: 185)] Ignore 'system task' $display
W: Verilog-2008: [D:/riscv/RISCV/ipcore/data_ram/rtl/ipm2l_spram_v1_8_data_ram.v(line number: 186)] Ignore 'system task' $finish
W: Verilog-2008: [D:/riscv/RISCV/ipcore/data_ram/rtl/ipm2l_spram_v1_8_data_ram.v(line number: 189)] Ignore 'system task' $display
W: Verilog-2008: [D:/riscv/RISCV/ipcore/data_ram/rtl/ipm2l_spram_v1_8_data_ram.v(line number: 190)] Ignore 'system task' $finish
W: Verilog-2008: [D:/riscv/RISCV/ipcore/data_ram/rtl/ipm2l_spram_v1_8_data_ram.v(line number: 194)] Ignore 'system task' $display
W: Verilog-2008: [D:/riscv/RISCV/ipcore/data_ram/rtl/ipm2l_spram_v1_8_data_ram.v(line number: 195)] Ignore 'system task' $finish
W: Verilog-2008: [D:/riscv/RISCV/ipcore/data_ram/rtl/ipm2l_spram_v1_8_data_ram.v(line number: 198)] Ignore 'system task' $display
W: Verilog-2008: [D:/riscv/RISCV/ipcore/data_ram/rtl/ipm2l_spram_v1_8_data_ram.v(line number: 199)] Ignore 'system task' $finish
W: Verilog-2008: [D:/riscv/RISCV/ipcore/data_ram/rtl/ipm2l_spram_v1_8_data_ram.v(line number: 203)] Ignore 'system task' $display
W: Verilog-2008: [D:/riscv/RISCV/ipcore/data_ram/rtl/ipm2l_spram_v1_8_data_ram.v(line number: 204)] Ignore 'system task' $finish
W: Verilog-2008: [D:/riscv/RISCV/ipcore/data_ram/rtl/ipm2l_spram_v1_8_data_ram.v(line number: 207)] Ignore 'system task' $display
W: Verilog-2008: [D:/riscv/RISCV/ipcore/data_ram/rtl/ipm2l_spram_v1_8_data_ram.v(line number: 208)] Ignore 'system task' $finish
Parsing done.
Executing : .rtl_analyze -include_path {D:/riscv/RISCV} D:/riscv/RISCV/ipcore/data_ram/rtl/ipm2l_spram_v1_8_data_ram.v successfully.
Executing : .rtl_analyze -include_path {D:/riscv/RISCV} D:/riscv/RISCV/ipcore/data_ram/data_ram.v
I: Verilog-0001: Analyzing file D:/riscv/RISCV/ipcore/data_ram/data_ram.v
I: Verilog-0002: [D:/riscv/RISCV/ipcore/data_ram/data_ram.v(line number: 16)] Analyzing module data_ram (library work)
Parsing done.
Executing : .rtl_analyze -include_path {D:/riscv/RISCV} D:/riscv/RISCV/ipcore/data_ram/data_ram.v successfully.
I: Module "mycpu_single_async" is set as top module.
Program Error Out.
Action compile: Real time elapsed is 0h:0m:3s
Action compile: CPU time elapsed is 0h:0m:0s
Action compile: Process CPU time elapsed is 0h:0m:0s
Current time: Sun Sep 13 09:03:04 2026
Action compile: Peak memory pool usage is 126 MB
Parse module hierarchy of project 'D:/riscv/RISCV/temp_projects/Main_Flow/Main_Flow.pds' (ADS Parser)
I: Flow-6004: Design file modified: "D:/riscv/RISCV/myriscv/mycpu_sync.v". 
Parse module hierarchy of project 'D:/riscv/RISCV/temp_projects/Main_Flow/Main_Flow.pds' (ADS Parser)
I: Flow-6004: Design file modified: "D:/riscv/RISCV/myriscv/mycpu_sync.v". 
E: Verilog-4102: [D:/riscv/RISCV/myriscv/mycpu_sync.v(line number: 188)] It's illegal to do bit or part select on the scalar variable data_sram_addr
Parse module hierarchy of project 'D:/riscv/RISCV/temp_projects/Main_Flow/Main_Flow.pds' (ADS Parser)
I: Flow-6004: Design file modified: "D:/riscv/RISCV/myriscv/mycpu_sync.v". 
E: Verilog-4102: [D:/riscv/RISCV/myriscv/mycpu_sync.v(line number: 188)] It's illegal to do bit or part select on the scalar variable data_sram_addr
File "D:/riscv/RISCV/myriscv/br_alu.v" has been added to project successfully. 
File "D:/riscv/RISCV/myriscv/regfile.v" has been added to project successfully. 
Parse module hierarchy of project 'D:/riscv/RISCV/temp_projects/Main_Flow/Main_Flow.pds' (ADS Parser)
E: Verilog-4119: [D:/riscv/RISCV/myriscv/mycpu_sync.v(line number: 129)] Referenced port name 'rst_n' was not defined in module 'regfile'
