#Build: Fabric Compiler 2022.2-SP6.4, Build 146967, Jan 31 01:39 2024
#Install: C:\pango\PDS_2022.2-SP6.4\bin
#Application name: pds.exe
#OS: Windows 10 10.0.26200
#Hostname: DESKTOP-B8HQS4N
Generated by Fabric Compiler (version 2022.2-SP6.4 build 146967) at Sun Sep 13 09:34:14 2026
Parse module hierarchy of project 'D:/riscv/RISCV/temp_projects/Main_Flow/Main_Flow.pds' (ADS Parser)
File "D:/riscv/RISCV/myriscv/l_alu.v" has been added to project successfully. 
Parse module hierarchy of project 'D:/riscv/RISCV/temp_projects/Main_Flow/Main_Flow.pds' (ADS Parser)


Process "Compile" started.
Current time: Sun Sep 13 09:35:04 2026
Compiling architecture definition.
Analyzing project file 'D:/riscv/RISCV/RISCV.pds'.
License checkout: fabric_ads from C:\pango\PDS_2022.2-SP6.4\license\new_pds_F4A80DA47D72.lic
Compiling verification operator library.
Loading technology operator library.
Compiling technology operator library.
Compiling technology operator (valence) library.
I: Enable Verilog2k features and keywords
Start rtl-analyze.
Executing : .rtl_analyze -work work -include_path {D:/riscv/RISCV} D:/riscv/RISCV/myriscv/mycpu_sync.v
I: Verilog-0001: Analyzing file D:/riscv/RISCV/myriscv/mycpu_sync.v
I: Verilog-0002: [D:/riscv/RISCV/myriscv/mycpu_sync.v(line number: 1)] Analyzing module mycpu_single_async (library work)
Parsing done.
Executing : .rtl_analyze -work work -include_path {D:/riscv/RISCV} D:/riscv/RISCV/myriscv/mycpu_sync.v successfully.
Executing : .rtl_analyze -work work -include_path {D:/riscv/RISCV} D:/riscv/RISCV/myriscv/br_alu.v
I: Verilog-0001: Analyzing file D:/riscv/RISCV/myriscv/br_alu.v
I: Verilog-0002: [D:/riscv/RISCV/myriscv/br_alu.v(line number: 7)] Analyzing module br_alu (library work)
Parsing done.
Executing : .rtl_analyze -work work -include_path {D:/riscv/RISCV} D:/riscv/RISCV/myriscv/br_alu.v successfully.
Executing : .rtl_analyze -work work -include_path {D:/riscv/RISCV} D:/riscv/RISCV/myriscv/regfile.v
I: Verilog-0001: Analyzing file D:/riscv/RISCV/myriscv/regfile.v
I: Verilog-0002: [D:/riscv/RISCV/myriscv/regfile.v(line number: 1)] Analyzing module regfile (library work)
Parsing done.
Executing : .rtl_analyze -work work -include_path {D:/riscv/RISCV} D:/riscv/RISCV/myriscv/regfile.v successfully.
Executing : .rtl_analyze -work work -include_path {D:/riscv/RISCV} D:/riscv/RISCV/myriscv/alu.v
I: Verilog-0001: Analyzing file D:/riscv/RISCV/myriscv/alu.v
I: Verilog-0002: [D:/riscv/RISCV/myriscv/alu.v(line number: 1)] Analyzing module alu (library work)
Parsing done.
Executing : .rtl_analyze -work work -include_path {D:/riscv/RISCV} D:/riscv/RISCV/myriscv/alu.v successfully.
Executing : .rtl_analyze -work work -include_path {D:/riscv/RISCV} D:/riscv/RISCV/myriscv/l_alu.v
I: Verilog-0001: Analyzing file D:/riscv/RISCV/myriscv/l_alu.v
I: Verilog-0002: [D:/riscv/RISCV/myriscv/l_alu.v(line number: 1)] Analyzing module l_alu (library work)
Parsing done.
Executing : .rtl_analyze -work work -include_path {D:/riscv/RISCV} D:/riscv/RISCV/myriscv/l_alu.v successfully.
Executing : .rtl_analyze -include_path {D:/riscv/RISCV} D:/riscv/RISCV/ipcore/inst_rom/rtl/ipm2l_rom_v1_8_inst_rom.v
I: Verilog-0001: Analyzing file D:/riscv/RISCV/ipcore/inst_rom/rtl/ipm2l_rom_v1_8_inst_rom.v
I: Verilog-0002: [D:/riscv/RISCV/ipcore/inst_rom/rtl/ipm2l_rom_v1_8_inst_rom.v(line number: 18)] Analyzing module ipm2l_rom_v1_8_inst_rom (library work)
Parsing done.
Executing : .rtl_analyze -include_path {D:/riscv/RISCV} D:/riscv/RISCV/ipcore/inst_rom/rtl/ipm2l_rom_v1_8_inst_rom.v successfully.
Executing : .rtl_analyze -include_path {D:/riscv/RISCV} D:/riscv/RISCV/ipcore/inst_rom/rtl/ipm2l_spram_v1_8_inst_rom.v
I: Verilog-0001: Analyzing file D:/riscv/RISCV/ipcore/inst_rom/rtl/ipm2l_spram_v1_8_inst_rom.v
I: Verilog-0002: [D:/riscv/RISCV/ipcore/inst_rom/rtl/ipm2l_spram_v1_8_inst_rom.v(line number: 17)] Analyzing module ipm2l_spram_v1_8_inst_rom (library work)
I: Found Verilog include file D:/riscv/RISCV/ipcore/inst_rom/rtl/inst_rom_init_param.v
W: Verilog-2008: [D:/riscv/RISCV/ipcore/inst_rom/rtl/ipm2l_spram_v1_8_inst_rom.v(line number: 133)] Ignore 'system task' $display
W: Verilog-2008: [D:/riscv/RISCV/ipcore/inst_rom/rtl/ipm2l_spram_v1_8_inst_rom.v(line number: 137)] Ignore 'system task' $display
W: Verilog-2008: [D:/riscv/RISCV/ipcore/inst_rom/rtl/ipm2l_spram_v1_8_inst_rom.v(line number: 145)] Ignore 'system task' $display
W: Verilog-2008: [D:/riscv/RISCV/ipcore/inst_rom/rtl/ipm2l_spram_v1_8_inst_rom.v(line number: 146)] Ignore 'system task' $finish
W: Verilog-2008: [D:/riscv/RISCV/ipcore/inst_rom/rtl/ipm2l_spram_v1_8_inst_rom.v(line number: 149)] Ignore 'system task' $display
W: Verilog-2008: [D:/riscv/RISCV/ipcore/inst_rom/rtl/ipm2l_spram_v1_8_inst_rom.v(line number: 150)] Ignore 'system task' $finish
W: Verilog-2008: [D:/riscv/RISCV/ipcore/inst_rom/rtl/ipm2l_spram_v1_8_inst_rom.v(line number: 153)] Ignore 'system task' $display
W: Verilog-2008: [D:/riscv/RISCV/ipcore/inst_rom/rtl/ipm2l_spram_v1_8_inst_rom.v(line number: 154)] Ignore 'system task' $finish
W: Verilog-2008: [D:/riscv/RISCV/ipcore/inst_rom/rtl/ipm2l_spram_v1_8_inst_rom.v(line number: 157)] Ignore 'system task' $display
W: Verilog-2008: [D:/riscv/RISCV/ipcore/inst_rom/rtl/ipm2l_spram_v1_8_inst_rom.v(line number: 158)] Ignore 'system task' $finish
W: Verilog-2008: [D:/riscv/RISCV/ipcore/inst_rom/rtl/ipm2l_spram_v1_8_inst_rom.v(line number: 161)] Ignore 'system task' $display
W: Verilog-2008: [D:/riscv/RISCV/ipcore/inst_rom/rtl/ipm2l_spram_v1_8_inst_rom.v(line number: 162)] Ignore 'system task' $finish
W: Verilog-2008: [D:/riscv/RISCV/ipcore/inst_rom/rtl/ipm2l_spram_v1_8_inst_rom.v(line number: 165)] Ignore 'system task' $display
W: Verilog-2008: [D:/riscv/RISCV/ipcore/inst_rom/rtl/ipm2l_spram_v1_8_inst_rom.v(line number: 166)] Ignore 'system task' $finish
W: Verilog-2008: [D:/riscv/RISCV/ipcore/inst_rom/rtl/ipm2l_spram_v1_8_inst_rom.v(line number: 169)] Ignore 'system task' $display
W: Verilog-2008: [D:/riscv/RISCV/ipcore/inst_rom/rtl/ipm2l_spram_v1_8_inst_rom.v(line number: 170)] Ignore 'system task' $finish
W: Verilog-2008: [D:/riscv/RISCV/ipcore/inst_rom/rtl/ipm2l_spram_v1_8_inst_rom.v(line number: 173)] Ignore 'system task' $display
W: Verilog-2008: [D:/riscv/RISCV/ipcore/inst_rom/rtl/ipm2l_spram_v1_8_inst_rom.v(line number: 174)] Ignore 'system task' $finish
W: Verilog-2008: [D:/riscv/RISCV/ipcore/inst_rom/rtl/ipm2l_spram_v1_8_inst_rom.v(line number: 177)] Ignore 'system task' $display
W: Verilog-2008: [D:/riscv/RISCV/ipcore/inst_rom/rtl/ipm2l_spram_v1_8_inst_rom.v(line number: 178)] Ignore 'system task' $finish
W: Verilog-2008: [D:/riscv/RISCV/ipcore/inst_rom/rtl/ipm2l_spram_v1_8_inst_rom.v(line number: 181)] Ignore 'system task' $display
W: Verilog-2008: [D:/riscv/RISCV/ipcore/inst_rom/rtl/ipm2l_spram_v1_8_inst_rom.v(line number: 182)] Ignore 'system task' $finish
W: Verilog-2008: [D:/riscv/RISCV/ipcore/inst_rom/rtl/ipm2l_spram_v1_8_inst_rom.v(line number: 185)] Ignore 'system task' $display
W: Verilog-2008: [D:/riscv/RISCV/ipcore/inst_rom/rtl/ipm2l_spram_v1_8_inst_rom.v(line number: 186)] Ignore 'system task' $finish
W: Verilog-2008: [D:/riscv/RISCV/ipcore/inst_rom/rtl/ipm2l_spram_v1_8_inst_rom.v(line number: 189)] Ignore 'system task' $display
W: Verilog-2008: [D:/riscv/RISCV/ipcore/inst_rom/rtl/ipm2l_spram_v1_8_inst_rom.v(line number: 190)] Ignore 'system task' $finish
W: Verilog-2008: [D:/riscv/RISCV/ipcore/inst_rom/rtl/ipm2l_spram_v1_8_inst_rom.v(line number: 194)] Ignore 'system task' $display
W: Verilog-2008: [D:/riscv/RISCV/ipcore/inst_rom/rtl/ipm2l_spram_v1_8_inst_rom.v(line number: 195)] Ignore 'system task' $finish
W: Verilog-2008: [D:/riscv/RISCV/ipcore/inst_rom/rtl/ipm2l_spram_v1_8_inst_rom.v(line number: 198)] Ignore 'system task' $display
W: Verilog-2008: [D:/riscv/RISCV/ipcore/inst_rom/rtl/ipm2l_spram_v1_8_inst_rom.v(line number: 199)] Ignore 'system task' $finish
W: Verilog-2008: [D:/riscv/RISCV/ipcore/inst_rom/rtl/ipm2l_spram_v1_8_inst_rom.v(line number: 203)] Ignore 'system task' $display
W: Verilog-2008: [D:/riscv/RISCV/ipcore/inst_rom/rtl/ipm2l_spram_v1_8_inst_rom.v(line number: 204)] Ignore 'system task' $finish
W: Verilog-2008: [D:/riscv/RISCV/ipcore/inst_rom/rtl/ipm2l_spram_v1_8_inst_rom.v(line number: 207)] Ignore 'system task' $display
W: Verilog-2008: [D:/riscv/RISCV/ipcore/inst_rom/rtl/ipm2l_spram_v1_8_inst_rom.v(line number: 208)] Ignore 'system task' $finish
Parsing done.
Executing : .rtl_analyze -include_path {D:/riscv/RISCV} D:/riscv/RISCV/ipcore/inst_rom/rtl/ipm2l_spram_v1_8_inst_rom.v successfully.
Executing : .rtl_analyze -include_path {D:/riscv/RISCV} D:/riscv/RISCV/ipcore/inst_rom/inst_rom.v
I: Verilog-0001: Analyzing file D:/riscv/RISCV/ipcore/inst_rom/inst_rom.v
I: Verilog-0002: [D:/riscv/RISCV/ipcore/inst_rom/inst_rom.v(line number: 16)] Analyzing module inst_rom (library work)
Parsing done.
Executing : .rtl_analyze -include_path {D:/riscv/RISCV} D:/riscv/RISCV/ipcore/inst_rom/inst_rom.v successfully.
Executing : .rtl_analyze -include_path {D:/riscv/RISCV} D:/riscv/RISCV/ipcore/data_ram/rtl/ipm2l_spram_v1_8_data_ram.v
I: Verilog-0001: Analyzing file D:/riscv/RISCV/ipcore/data_ram/rtl/ipm2l_spram_v1_8_data_ram.v
I: Verilog-0002: [D:/riscv/RISCV/ipcore/data_ram/rtl/ipm2l_spram_v1_8_data_ram.v(line number: 17)] Analyzing module ipm2l_spram_v1_8_data_ram (library work)
I: Found Verilog include file D:/riscv/RISCV/ipcore/data_ram/rtl/data_ram_init_param.v
W: Verilog-2008: [D:/riscv/RISCV/ipcore/data_ram/rtl/ipm2l_spram_v1_8_data_ram.v(line number: 133)] Ignore 'system task' $display
W: Verilog-2008: [D:/riscv/RISCV/ipcore/data_ram/rtl/ipm2l_spram_v1_8_data_ram.v(line number: 137)] Ignore 'system task' $display
W: Verilog-2008: [D:/riscv/RISCV/ipcore/data_ram/rtl/ipm2l_spram_v1_8_data_ram.v(line number: 145)] Ignore 'system task' $display
W: Verilog-2008: [D:/riscv/RISCV/ipcore/data_ram/rtl/ipm2l_spram_v1_8_data_ram.v(line number: 146)] Ignore 'system task' $finish
W: Verilog-2008: [D:/riscv/RISCV/ipcore/data_ram/rtl/ipm2l_spram_v1_8_data_ram.v(line number: 149)] Ignore 'system task' $display
W: Verilog-2008: [D:/riscv/RISCV/ipcore/data_ram/rtl/ipm2l_spram_v1_8_data_ram.v(line number: 150)] Ignore 'system task' $finish
W: Verilog-2008: [D:/riscv/RISCV/ipcore/data_ram/rtl/ipm2l_spram_v1_8_data_ram.v(line number: 153)] Ignore 'system task' $display
W: Verilog-2008: [D:/riscv/RISCV/ipcore/data_ram/rtl/ipm2l_spram_v1_8_data_ram.v(line number: 154)] Ignore 'system task' $finish
W: Verilog-2008: [D:/riscv/RISCV/ipcore/data_ram/rtl/ipm2l_spram_v1_8_data_ram.v(line number: 157)] Ignore 'system task' $display
W: Verilog-2008: [D:/riscv/RISCV/ipcore/data_ram/rtl/ipm2l_spram_v1_8_data_ram.v(line number: 158)] Ignore 'system task' $finish
W: Verilog-2008: [D:/riscv/RISCV/ipcore/data_ram/rtl/ipm2l_spram_v1_8_data_ram.v(line number: 161)] Ignore 'system task' $display
W: Verilog-2008: [D:/riscv/RISCV/ipcore/data_ram/rtl/ipm2l_spram_v1_8_data_ram.v(line number: 162)] Ignore 'system task' $finish
W: Verilog-2008: [D:/riscv/RISCV/ipcore/data_ram/rtl/ipm2l_spram_v1_8_data_ram.v(line number: 165)] Ignore 'system task' $display
W: Verilog-2008: [D:/riscv/RISCV/ipcore/data_ram/rtl/ipm2l_spram_v1_8_data_ram.v(line number: 166)] Ignore 'system task' $finish
W: Verilog-2008: [D:/riscv/RISCV/ipcore/data_ram/rtl/ipm2l_spram_v1_8_data_ram.v(line number: 169)] Ignore 'system task' $display
W: Verilog-2008: [D:/riscv/RISCV/ipcore/data_ram/rtl/ipm2l_spram_v1_8_data_ram.v(line number: 170)] Ignore 'system task' $finish
W: Verilog-2008: [D:/riscv/RISCV/ipcore/data_ram/rtl/ipm2l_spram_v1_8_data_ram.v(line number: 173)] Ignore 'system task' $display
W: Verilog-2008: [D:/riscv/RISCV/ipcore/data_ram/rtl/ipm2l_spram_v1_8_data_ram.v(line number: 174)] Ignore 'system task' $finish
W: Verilog-2008: [D:/riscv/RISCV/ipcore/data_ram/rtl/ipm2l_spram_v1_8_data_ram.v(line number: 177)] Ignore 'system task' $display
W: Verilog-2008: [D:/riscv/RISCV/ipcore/data_ram/rtl/ipm2l_spram_v1_8_data_ram.v(line number: 178)] Ignore 'system task' $finish
W: Verilog-2008: [D:/riscv/RISCV/ipcore/data_ram/rtl/ipm2l_spram_v1_8_data_ram.v(line number: 181)] Ignore 'system task' $display
W: Verilog-2008: [D:/riscv/RISCV/ipcore/data_ram/rtl/ipm2l_spram_v1_8_data_ram.v(line number: 182)] Ignore 'system task' $finish
W: Verilog-2008: [D:/riscv/RISCV/ipcore/data_ram/rtl/ipm2l_spram_v1_8_data_ram.v(line number: 185)] Ignore 'system task' $display
W: Verilog-2008: [D:/riscv/RISCV/ipcore/data_ram/rtl/ipm2l_spram_v1_8_data_ram.v(line number: 186)] Ignore 'system task' $finish
W: Verilog-2008: [D:/riscv/RISCV/ipcore/data_ram/rtl/ipm2l_spram_v1_8_data_ram.v(line number: 189)] Ignore 'system task' $display
W: Verilog-2008: [D:/riscv/RISCV/ipcore/data_ram/rtl/ipm2l_spram_v1_8_data_ram.v(line number: 190)] Ignore 'system task' $finish
W: Verilog-2008: [D:/riscv/RISCV/ipcore/data_ram/rtl/ipm2l_spram_v1_8_data_ram.v(line number: 194)] Ignore 'system task' $display
W: Verilog-2008: [D:/riscv/RISCV/ipcore/data_ram/rtl/ipm2l_spram_v1_8_data_ram.v(line number: 195)] Ignore 'system task' $finish
W: Verilog-2008: [D:/riscv/RISCV/ipcore/data_ram/rtl/ipm2l_spram_v1_8_data_ram.v(line number: 198)] Ignore 'system task' $display
W: Verilog-2008: [D:/riscv/RISCV/ipcore/data_ram/rtl/ipm2l_spram_v1_8_data_ram.v(line number: 199)] Ignore 'system task' $finish
W: Verilog-2008: [D:/riscv/RISCV/ipcore/data_ram/rtl/ipm2l_spram_v1_8_data_ram.v(line number: 203)] Ignore 'system task' $display
W: Verilog-2008: [D:/riscv/RISCV/ipcore/data_ram/rtl/ipm2l_spram_v1_8_data_ram.v(line number: 204)] Ignore 'system task' $finish
W: Verilog-2008: [D:/riscv/RISCV/ipcore/data_ram/rtl/ipm2l_spram_v1_8_data_ram.v(line number: 207)] Ignore 'system task' $display
W: Verilog-2008: [D:/riscv/RISCV/ipcore/data_ram/rtl/ipm2l_spram_v1_8_data_ram.v(line number: 208)] Ignore 'system task' $finish
Parsing done.
Executing : .rtl_analyze -include_path {D:/riscv/RISCV} D:/riscv/RISCV/ipcore/data_ram/rtl/ipm2l_spram_v1_8_data_ram.v successfully.
Executing : .rtl_analyze -include_path {D:/riscv/RISCV} D:/riscv/RISCV/ipcore/data_ram/data_ram.v
I: Verilog-0001: Analyzing file D:/riscv/RISCV/ipcore/data_ram/data_ram.v
I: Verilog-0002: [D:/riscv/RISCV/ipcore/data_ram/data_ram.v(line number: 16)] Analyzing module data_ram (library work)
Parsing done.
Executing : .rtl_analyze -include_path {D:/riscv/RISCV} D:/riscv/RISCV/ipcore/data_ram/data_ram.v successfully.
I: Module "mycpu_single_async" is set as top module.
Executing : rtl-analyze successfully. Time elapsed: 1.331s wall, 0.000s user + 0.000s system = 0.000s CPU (n/a%)

Start rtl-elaborate.
I: Verilog-0003: [D:/riscv/RISCV/myriscv/mycpu_sync.v(line number: 1)] Elaborating module mycpu_single_async
I: Verilog-0004: [D:/riscv/RISCV/myriscv/mycpu_sync.v(line number: 18)] Elaborating instance u_inst_rom
I: Verilog-0003: [D:/riscv/RISCV/ipcore/inst_rom/inst_rom.v(line number: 16)] Elaborating module inst_rom
I: Verilog-0004: [D:/riscv/RISCV/ipcore/inst_rom/inst_rom.v(line number: 105)] Elaborating instance U_ipm2l_rom_inst_rom
I: Verilog-0003: [D:/riscv/RISCV/ipcore/inst_rom/rtl/ipm2l_rom_v1_8_inst_rom.v(line number: 18)] Elaborating module ipm2l_rom_v1_8_inst_rom
I: Module instance {mycpu_single_async/u_inst_rom/U_ipm2l_rom_inst_rom} parameter value:
    c_CAS_MODE = 36K
    c_ADDR_WIDTH = 32'b00000000000000000000000000001010
    c_DATA_WIDTH = 32'b00000000000000000000000000100000
    c_OUTPUT_REG = 32'b00000000000000000000000000000000
    c_FAB_REG = 32'b00000000000000000000000000000000
    c_RD_OCE_EN = 32'b00000000000000000000000000000000
    c_CLK_EN = 32'b00000000000000000000000000000000
    c_ADDR_STROBE_EN = 32'b00000000000000000000000000000000
    c_RESET_TYPE = SYNC
    c_POWER_OPT = 32'b00000000000000000000000000000000
    c_CLK_OR_POL_INV = 32'b00000000000000000000000000000000
    c_INIT_FILE = NONE
    c_INIT_FORMAT = HEX
I: Verilog-0004: [D:/riscv/RISCV/ipcore/inst_rom/rtl/ipm2l_rom_v1_8_inst_rom.v(line number: 60)] Elaborating instance U_ipm2l_spram
I: Verilog-0003: [D:/riscv/RISCV/ipcore/inst_rom/rtl/ipm2l_spram_v1_8_inst_rom.v(line number: 17)] Elaborating module ipm2l_spram_v1_8_inst_rom
I: Module instance {mycpu_single_async/u_inst_rom/U_ipm2l_rom_inst_rom/U_ipm2l_spram} parameter value:
    c_CAS_MODE = 36K
    c_ADDR_WIDTH = 32'b00000000000000000000000000001010
    c_DATA_WIDTH = 32'b00000000000000000000000000100000
    c_OUTPUT_REG = 32'b00000000000000000000000000000000
    c_RD_OCE_EN = 32'b00000000000000000000000000000000
    c_FAB_REG = 32'b00000000000000000000000000000000
    c_CLK_EN = 32'b00000000000000000000000000000000
    c_ADDR_STROBE_EN = 32'b00000000000000000000000000000000
    c_RESET_TYPE = SYNC
    c_POWER_OPT = 32'b00000000000000000000000000000000
    c_CLK_OR_POL_INV = 32'b00000000000000000000000000000000
    c_INIT_FILE = NONE
    c_INIT_FORMAT = HEX
    c_WR_BYTE_EN = 32'b00000000000000000000000000000000
    c_BE_WIDTH = 32'b00000000000000000000000000000001
    c_RAM_MODE = ROM
    c_WRITE_MODE = NORMAL_WRITE
W: Verilog-2039: [D:/riscv/RISCV/ipcore/inst_rom/rtl/ipm2l_spram_v1_8_inst_rom.v(line number: 240)] Repeat multiplier in concatenation evaluates to 0
W: Verilog-2039: [D:/riscv/RISCV/ipcore/inst_rom/rtl/ipm2l_spram_v1_8_inst_rom.v(line number: 242)] Repeat multiplier in concatenation evaluates to 0
W: Verilog-2038: [D:/riscv/RISCV/ipcore/inst_rom/rtl/ipm2l_spram_v1_8_inst_rom.v(line number: 252)] Case condition never applies
W: Verilog-2038: [D:/riscv/RISCV/ipcore/inst_rom/rtl/ipm2l_spram_v1_8_inst_rom.v(line number: 256)] Case condition never applies
W: Verilog-2038: [D:/riscv/RISCV/ipcore/inst_rom/rtl/ipm2l_spram_v1_8_inst_rom.v(line number: 260)] Case condition never applies
W: Verilog-2038: [D:/riscv/RISCV/ipcore/inst_rom/rtl/ipm2l_spram_v1_8_inst_rom.v(line number: 264)] Case condition never applies
W: Verilog-2038: [D:/riscv/RISCV/ipcore/inst_rom/rtl/ipm2l_spram_v1_8_inst_rom.v(line number: 264)] Case condition never applies
W: Verilog-2038: [D:/riscv/RISCV/ipcore/inst_rom/rtl/ipm2l_spram_v1_8_inst_rom.v(line number: 268)] Case condition never applies
W: Verilog-2038: [D:/riscv/RISCV/ipcore/inst_rom/rtl/ipm2l_spram_v1_8_inst_rom.v(line number: 268)] Case condition never applies
I: Verilog-0004: [D:/riscv/RISCV/ipcore/inst_rom/rtl/ipm2l_spram_v1_8_inst_rom.v(line number: 663)] Elaborating instance U_GTP_DRM36K_E1
W: Verilog-2023: [D:/riscv/RISCV/ipcore/inst_rom/rtl/ipm2l_spram_v1_8_inst_rom.v(line number: 663)] Give initial value 0 for the no drive pin INJECT_SBITERR in module instance mycpu_single_async/u_inst_rom/U_ipm2l_rom_inst_rom/U_ipm2l_spram.ADDR_LOOP[0].DATA_LOOP[0].U_GTP_DRM36K_E1
W: Verilog-2023: [D:/riscv/RISCV/ipcore/inst_rom/rtl/ipm2l_spram_v1_8_inst_rom.v(line number: 663)] Give initial value 0 for the no drive pin INJECT_DBITERR in module instance mycpu_single_async/u_inst_rom/U_ipm2l_rom_inst_rom/U_ipm2l_spram.ADDR_LOOP[0].DATA_LOOP[0].U_GTP_DRM36K_E1
W: Verilog-2020: [D:/riscv/RISCV/ipcore/inst_rom/rtl/ipm2l_spram_v1_8_inst_rom.v(line number: 398)] Net DA_bus[8] in ipm2l_spram_v1_8_inst_rom(original module ipm2l_spram_v1_8_inst_rom) does not have a driver, tie it to 0
W: Verilog-2020: [D:/riscv/RISCV/ipcore/inst_rom/rtl/ipm2l_spram_v1_8_inst_rom.v(line number: 398)] Net DA_bus[17] in ipm2l_spram_v1_8_inst_rom(original module ipm2l_spram_v1_8_inst_rom) does not have a driver, tie it to 0
W: Verilog-2020: [D:/riscv/RISCV/ipcore/inst_rom/rtl/ipm2l_spram_v1_8_inst_rom.v(line number: 398)] Net DA_bus[26] in ipm2l_spram_v1_8_inst_rom(original module ipm2l_spram_v1_8_inst_rom) does not have a driver, tie it to 0
W: Verilog-2020: [D:/riscv/RISCV/ipcore/inst_rom/rtl/ipm2l_spram_v1_8_inst_rom.v(line number: 398)] Net DA_bus[35] in ipm2l_spram_v1_8_inst_rom(original module ipm2l_spram_v1_8_inst_rom) does not have a driver, tie it to 0
W: Verilog-2020: [D:/riscv/RISCV/ipcore/inst_rom/rtl/ipm2l_spram_v1_8_inst_rom.v(line number: 399)] Net DB_bus[8] in ipm2l_spram_v1_8_inst_rom(original module ipm2l_spram_v1_8_inst_rom) does not have a driver, tie it to 0
W: Verilog-2020: [D:/riscv/RISCV/ipcore/inst_rom/rtl/ipm2l_spram_v1_8_inst_rom.v(line number: 399)] Net DB_bus[17] in ipm2l_spram_v1_8_inst_rom(original module ipm2l_spram_v1_8_inst_rom) does not have a driver, tie it to 0
W: Verilog-2020: [D:/riscv/RISCV/ipcore/inst_rom/rtl/ipm2l_spram_v1_8_inst_rom.v(line number: 399)] Net DB_bus[26] in ipm2l_spram_v1_8_inst_rom(original module ipm2l_spram_v1_8_inst_rom) does not have a driver, tie it to 0
W: Verilog-2020: [D:/riscv/RISCV/ipcore/inst_rom/rtl/ipm2l_spram_v1_8_inst_rom.v(line number: 399)] Net DB_bus[35] in ipm2l_spram_v1_8_inst_rom(original module ipm2l_spram_v1_8_inst_rom) does not have a driver, tie it to 0
W: Verilog-2023: [D:/riscv/RISCV/ipcore/inst_rom/rtl/ipm2l_rom_v1_8_inst_rom.v(line number: 60)] Give initial value 0 for the no drive pin wr_data in module instance mycpu_single_async/u_inst_rom/U_ipm2l_rom_inst_rom.U_ipm2l_spram
W: Verilog-2023: [D:/riscv/RISCV/ipcore/inst_rom/rtl/ipm2l_rom_v1_8_inst_rom.v(line number: 60)] Give initial value 0 for the no drive pin wr_byte_en in module instance mycpu_single_async/u_inst_rom/U_ipm2l_rom_inst_rom.U_ipm2l_spram
I: Verilog-0004: [D:/riscv/RISCV/myriscv/mycpu_sync.v(line number: 129)] Elaborating instance u_regfile
I: Verilog-0003: [D:/riscv/RISCV/myriscv/regfile.v(line number: 1)] Elaborating module regfile
I: Verilog-0004: [D:/riscv/RISCV/myriscv/mycpu_sync.v(line number: 140)] Elaborating instance u_br_alu
I: Verilog-0003: [D:/riscv/RISCV/myriscv/br_alu.v(line number: 7)] Elaborating module br_alu
I: Verilog-0004: [D:/riscv/RISCV/myriscv/mycpu_sync.v(line number: 172)] Elaborating instance u_alu
I: Verilog-0003: [D:/riscv/RISCV/myriscv/alu.v(line number: 1)] Elaborating module alu
I: Verilog-0004: [D:/riscv/RISCV/myriscv/mycpu_sync.v(line number: 190)] Elaborating instance the_instance_name
I: Verilog-0003: [D:/riscv/RISCV/ipcore/data_ram/data_ram.v(line number: 16)] Elaborating module data_ram
I: Verilog-0004: [D:/riscv/RISCV/ipcore/data_ram/data_ram.v(line number: 125)] Elaborating instance U_ipml_spram_data_ram
I: Verilog-0003: [D:/riscv/RISCV/ipcore/data_ram/rtl/ipm2l_spram_v1_8_data_ram.v(line number: 17)] Elaborating module ipm2l_spram_v1_8_data_ram
I: Module instance {mycpu_single_async/the_instance_name/U_ipml_spram_data_ram} parameter value:
    c_CAS_MODE = 36K
    c_ADDR_WIDTH = 32'b00000000000000000000000000001010
    c_DATA_WIDTH = 32'b00000000000000000000000000100000
    c_OUTPUT_REG = 32'b00000000000000000000000000000000
    c_RD_OCE_EN = 32'b00000000000000000000000000000000
    c_FAB_REG = 32'b00000000000000000000000000000000
    c_CLK_EN = 32'b00000000000000000000000000000000
    c_ADDR_STROBE_EN = 32'b00000000000000000000000000000000
    c_RESET_TYPE = SYNC
    c_POWER_OPT = 32'b00000000000000000000000000000000
    c_CLK_OR_POL_INV = 32'b00000000000000000000000000000000
    c_INIT_FILE = NONE
    c_INIT_FORMAT = HEX
    c_WR_BYTE_EN = 32'b00000000000000000000000000000001
    c_BE_WIDTH = 32'b00000000000000000000000000000100
    c_RAM_MODE = SINGLE_PORT
    c_WRITE_MODE = NORMAL_WRITE
W: Verilog-2039: [D:/riscv/RISCV/ipcore/data_ram/rtl/ipm2l_spram_v1_8_data_ram.v(line number: 240)] Repeat multiplier in concatenation evaluates to 0
W: Verilog-2039: [D:/riscv/RISCV/ipcore/data_ram/rtl/ipm2l_spram_v1_8_data_ram.v(line number: 242)] Repeat multiplier in concatenation evaluates to 0
W: Verilog-2038: [D:/riscv/RISCV/ipcore/data_ram/rtl/ipm2l_spram_v1_8_data_ram.v(line number: 252)] Case condition never applies
W: Verilog-2038: [D:/riscv/RISCV/ipcore/data_ram/rtl/ipm2l_spram_v1_8_data_ram.v(line number: 256)] Case condition never applies
W: Verilog-2038: [D:/riscv/RISCV/ipcore/data_ram/rtl/ipm2l_spram_v1_8_data_ram.v(line number: 260)] Case condition never applies
W: Verilog-2038: [D:/riscv/RISCV/ipcore/data_ram/rtl/ipm2l_spram_v1_8_data_ram.v(line number: 264)] Case condition never applies
W: Verilog-2038: [D:/riscv/RISCV/ipcore/data_ram/rtl/ipm2l_spram_v1_8_data_ram.v(line number: 264)] Case condition never applies
W: Verilog-2038: [D:/riscv/RISCV/ipcore/data_ram/rtl/ipm2l_spram_v1_8_data_ram.v(line number: 268)] Case condition never applies
W: Verilog-2038: [D:/riscv/RISCV/ipcore/data_ram/rtl/ipm2l_spram_v1_8_data_ram.v(line number: 268)] Case condition never applies
I: Verilog-0004: [D:/riscv/RISCV/ipcore/data_ram/rtl/ipm2l_spram_v1_8_data_ram.v(line number: 663)] Elaborating instance U_GTP_DRM36K_E1
W: Verilog-2023: [D:/riscv/RISCV/ipcore/data_ram/rtl/ipm2l_spram_v1_8_data_ram.v(line number: 663)] Give initial value 0 for the no drive pin INJECT_SBITERR in module instance mycpu_single_async/the_instance_name/U_ipml_spram_data_ram.ADDR_LOOP[0].DATA_LOOP[0].U_GTP_DRM36K_E1
W: Verilog-2023: [D:/riscv/RISCV/ipcore/data_ram/rtl/ipm2l_spram_v1_8_data_ram.v(line number: 663)] Give initial value 0 for the no drive pin INJECT_DBITERR in module instance mycpu_single_async/the_instance_name/U_ipml_spram_data_ram.ADDR_LOOP[0].DATA_LOOP[0].U_GTP_DRM36K_E1
W: Verilog-2020: [D:/riscv/RISCV/ipcore/data_ram/rtl/ipm2l_spram_v1_8_data_ram.v(line number: 398)] Net DA_bus[8] in ipm2l_spram_v1_8_data_ram(original module ipm2l_spram_v1_8_data_ram) does not have a driver, tie it to 0
W: Verilog-2020: [D:/riscv/RISCV/ipcore/data_ram/rtl/ipm2l_spram_v1_8_data_ram.v(line number: 398)] Net DA_bus[17] in ipm2l_spram_v1_8_data_ram(original module ipm2l_spram_v1_8_data_ram) does not have a driver, tie it to 0
W: Verilog-2020: [D:/riscv/RISCV/ipcore/data_ram/rtl/ipm2l_spram_v1_8_data_ram.v(line number: 398)] Net DA_bus[26] in ipm2l_spram_v1_8_data_ram(original module ipm2l_spram_v1_8_data_ram) does not have a driver, tie it to 0
W: Verilog-2020: [D:/riscv/RISCV/ipcore/data_ram/rtl/ipm2l_spram_v1_8_data_ram.v(line number: 398)] Net DA_bus[35] in ipm2l_spram_v1_8_data_ram(original module ipm2l_spram_v1_8_data_ram) does not have a driver, tie it to 0
W: Verilog-2020: [D:/riscv/RISCV/ipcore/data_ram/rtl/ipm2l_spram_v1_8_data_ram.v(line number: 399)] Net DB_bus[8] in ipm2l_spram_v1_8_data_ram(original module ipm2l_spram_v1_8_data_ram) does not have a driver, tie it to 0
W: Verilog-2020: [D:/riscv/RISCV/ipcore/data_ram/rtl/ipm2l_spram_v1_8_data_ram.v(line number: 399)] Net DB_bus[17] in ipm2l_spram_v1_8_data_ram(original module ipm2l_spram_v1_8_data_ram) does not have a driver, tie it to 0
W: Verilog-2020: [D:/riscv/RISCV/ipcore/data_ram/rtl/ipm2l_spram_v1_8_data_ram.v(line number: 399)] Net DB_bus[26] in ipm2l_spram_v1_8_data_ram(original module ipm2l_spram_v1_8_data_ram) does not have a driver, tie it to 0
W: Verilog-2020: [D:/riscv/RISCV/ipcore/data_ram/rtl/ipm2l_spram_v1_8_data_ram.v(line number: 399)] Net DB_bus[35] in ipm2l_spram_v1_8_data_ram(original module ipm2l_spram_v1_8_data_ram) does not have a driver, tie it to 0
I: Verilog-0004: [D:/riscv/RISCV/myriscv/mycpu_sync.v(line number: 201)] Elaborating instance u_l_alu
I: Verilog-0003: [D:/riscv/RISCV/myriscv/l_alu.v(line number: 1)] Elaborating module l_alu
Executing : rtl-elaborate successfully. Time elapsed: 0.017s wall, 0.016s user + 0.000s system = 0.016s CPU (92.3%)

Start rtl-prep.
Executing : rtl-prep successfully. Time elapsed: 0.010s wall, 0.016s user + 0.000s system = 0.016s CPU (157.2%)

Start rtl-infer.
Start DFF-inference.
Executing : DFF-inference successfully.
Executing : rtl-infer successfully. Time elapsed: 0.129s wall, 0.031s user + 0.078s system = 0.109s CPU (84.5%)

Start rtl-control-opt.
Executing : rtl-control-opt successfully. Time elapsed: 0.002s wall, 0.000s user + 0.000s system = 0.000s CPU (n/a%)

Start rtl-data-opt.
Executing : rtl-data-opt successfully. Time elapsed: 0.011s wall, 0.016s user + 0.000s system = 0.016s CPU (140.4%)

Start FSM inference.
Executing : FSM inference successfully. Time elapsed: 0.001s wall, 0.000s user + 0.000s system = 0.000s CPU (n/a%)

Start sdm2adm.
W: Loop was found during constant probe.
W: Loop was found during constant probe.
I: Constant propagation done on N48_1 (bmsREDAND).
I: Constant propagation done on N48_2 (bmsREDAND).
I: Constant propagation done on N48_3 (bmsREDAND).
I: Constant propagation done on N48_4 (bmsREDAND).
I: Constant propagation done on N48_5 (bmsREDAND).
I: Constant propagation done on N48_6 (bmsREDAND).
I: Constant propagation done on N48_7 (bmsREDAND).
I: Constant propagation done on N48_8 (bmsREDAND).
I: Constant propagation done on N48_9 (bmsREDAND).
I: Constant propagation done on N48_10 (bmsREDAND).
W: Public-4008: Instance 'valid' of 'bmsWIDEDFFRSE' unit is dangling and will be cleaned.
W: Public-4008: Instance 'pc[31:0]' of 'bmsWIDEDFFRSE' unit is dangling and will be cleaned.
Executing : sdm2adm successfully. Time elapsed: 0.044s wall, 0.047s user + 0.000s system = 0.047s CPU (106.1%)

Saving design to DB.
Action compile: Real time elapsed is 0h:0m:3s
Action compile: CPU time elapsed is 0h:0m:0s
Action compile: Process CPU time elapsed is 0h:0m:0s
Current time: Sun Sep 13 09:35:06 2026
Action compile: Peak memory pool usage is 145 MB
Action from compile to compile: Total Real Time elapsed is 0h:0m:3s
Action from compile to compile: Total CPU time elapsed is 0h:0m:0s
Action from compile to compile: Total Process CPU Time elapsed is 0h:0m:0s
Process "Compile" done.
Parse module hierarchy of project 'D:/riscv/RISCV/temp_projects/Main_Flow/Main_Flow.pds' (ADS Parser)
I: Flow-6004: Design file modified: "D:/riscv/RISCV/myriscv/mycpu_sync.v". 
Parse module hierarchy of project 'D:/riscv/RISCV/temp_projects/Main_Flow/Main_Flow.pds' (ADS Parser)
I: Flow-6004: Design file modified: "D:/riscv/RISCV/myriscv/mycpu_sync.v". 
Parse module hierarchy of project 'D:/riscv/RISCV/temp_projects/Main_Flow/Main_Flow.pds' (ADS Parser)
I: Flow-6004: Design file modified: "D:/riscv/RISCV/myriscv/mycpu_sync.v". 
Parse module hierarchy of project 'D:/riscv/RISCV/temp_projects/Main_Flow/Main_Flow.pds' (ADS Parser)
I: Flow-6004: Design file modified: "D:/riscv/RISCV/myriscv/mycpu_sync.v". 
Parse module hierarchy of project 'D:/riscv/RISCV/temp_projects/Main_Flow/Main_Flow.pds' (ADS Parser)
I: Flow-6004: Design file modified: "D:/riscv/RISCV/myriscv/mycpu_sync.v". 
Parse module hierarchy of project 'D:/riscv/RISCV/temp_projects/Main_Flow/Main_Flow.pds' (ADS Parser)
I: Flow-6004: Design file modified: "D:/riscv/RISCV/myriscv/mycpu_sync.v". 
Parse module hierarchy of project 'D:/riscv/RISCV/temp_projects/Main_Flow/Main_Flow.pds' (ADS Parser)
I: Flow-6004: Design file modified: "D:/riscv/RISCV/myriscv/mycpu_sync.v". 
E: Verilog-4039: [D:/riscv/RISCV/myriscv/mycpu_sync.v(line number: 46)] Identifier inst is not declared
E: Verilog-4039: [D:/riscv/RISCV/myriscv/mycpu_sync.v(line number: 74)] Identifier inst is not declared
E: Verilog-4039: [D:/riscv/RISCV/myriscv/mycpu_sync.v(line number: 75)] Identifier inst is not declared
E: Verilog-4039: [D:/riscv/RISCV/myriscv/mycpu_sync.v(line number: 76)] Identifier inst is not declared
E: Verilog-4039: [D:/riscv/RISCV/myriscv/mycpu_sync.v(line number: 77)] Identifier inst is not declared
E: Verilog-4039: [D:/riscv/RISCV/myriscv/mycpu_sync.v(line number: 78)] Identifier inst is not declared
E: Verilog-4039: [D:/riscv/RISCV/myriscv/mycpu_sync.v(line number: 79)] Identifier inst is not declared
E: Verilog-4039: [D:/riscv/RISCV/myriscv/mycpu_sync.v(line number: 80)] Identifier inst is not declared
E: Verilog-4039: [D:/riscv/RISCV/myriscv/mycpu_sync.v(line number: 81)] Identifier inst is not declared
E: Verilog-4039: [D:/riscv/RISCV/myriscv/mycpu_sync.v(line number: 135)] Identifier inst is not declared
E: Verilog-4039: [D:/riscv/RISCV/myriscv/mycpu_sync.v(line number: 136)] Identifier inst is not declared
E: Verilog-4039: [D:/riscv/RISCV/myriscv/mycpu_sync.v(line number: 136)] Identifier inst is not declared
E: Verilog-4039: [D:/riscv/RISCV/myriscv/mycpu_sync.v(line number: 137)] Identifier inst is not declared
E: Verilog-4039: [D:/riscv/RISCV/myriscv/mycpu_sync.v(line number: 137)] Identifier inst is not declared
E: Verilog-4039: [D:/riscv/RISCV/myriscv/mycpu_sync.v(line number: 137)] Identifier inst is not declared
E: Verilog-4039: [D:/riscv/RISCV/myriscv/mycpu_sync.v(line number: 138)] Identifier inst is not declared
E: Verilog-4039: [D:/riscv/RISCV/myriscv/mycpu_sync.v(line number: 138)] Identifier inst is not declared
E: Verilog-4039: [D:/riscv/RISCV/myriscv/mycpu_sync.v(line number: 138)] Identifier inst is not declared
E: Verilog-4039: [D:/riscv/RISCV/myriscv/mycpu_sync.v(line number: 138)] Identifier inst is not declared
E: Verilog-4039: [D:/riscv/RISCV/myriscv/mycpu_sync.v(line number: 138)] Identifier inst is not declared
E: Verilog-4039: [D:/riscv/RISCV/myriscv/mycpu_sync.v(line number: 139)] Identifier inst is not declared
E: Verilog-4039: [D:/riscv/RISCV/myriscv/mycpu_sync.v(line number: 139)] Identifier inst is not declared
E: Verilog-4039: [D:/riscv/RISCV/myriscv/mycpu_sync.v(line number: 139)] Identifier inst is not declared
E: Verilog-4039: [D:/riscv/RISCV/myriscv/mycpu_sync.v(line number: 139)] Identifier inst is not declared
E: Verilog-4039: [D:/riscv/RISCV/myriscv/mycpu_sync.v(line number: 139)] Identifier inst is not declared
E: Verilog-4039: [D:/riscv/RISCV/myriscv/mycpu_sync.v(line number: 140)] Identifier inst is not declared
E: Parsing ERROR.
Parse module hierarchy of project 'D:/riscv/RISCV/temp_projects/Main_Flow/Main_Flow.pds' (ADS Parser)
I: Flow-6004: Design file modified: "D:/riscv/RISCV/myriscv/mycpu_sync.v". 
E: Verilog-4039: [D:/riscv/RISCV/myriscv/mycpu_sync.v(line number: 48)] Identifier flush is not declared
E: Parsing ERROR.
Parse module hierarchy of project 'D:/riscv/RISCV/temp_projects/Main_Flow/Main_Flow.pds' (ADS Parser)
I: Flow-6004: Design file modified: "D:/riscv/RISCV/myriscv/mycpu_sync.v". 
Parse module hierarchy of project 'D:/riscv/RISCV/temp_projects/Main_Flow/Main_Flow.pds' (ADS Parser)
I: Flow-6004: Design file modified: "D:/riscv/RISCV/myriscv/mycpu_sync.v". 
Parse module hierarchy of project 'D:/riscv/RISCV/temp_projects/Main_Flow/Main_Flow.pds' (ADS Parser)
I: Flow-6004: Design file modified: "D:/riscv/RISCV/myriscv/mycpu_sync.v". 
Parse module hierarchy of project 'D:/riscv/RISCV/temp_projects/Main_Flow/Main_Flow.pds' (ADS Parser)
I: Flow-6004: Design file modified: "D:/riscv/RISCV/myriscv/mycpu_sync.v". 
Parse module hierarchy of project 'D:/riscv/RISCV/temp_projects/Main_Flow/Main_Flow.pds' (ADS Parser)
I: Flow-6004: Design file modified: "D:/riscv/RISCV/myriscv/mycpu_sync.v". 
Parse module hierarchy of project 'D:/riscv/RISCV/temp_projects/Main_Flow/Main_Flow.pds' (ADS Parser)
I: Flow-6004: Design file modified: "D:/riscv/RISCV/myriscv/mycpu_sync.v". 
Parse module hierarchy of project 'D:/riscv/RISCV/temp_projects/Main_Flow/Main_Flow.pds' (ADS Parser)
I: Flow-6004: Design file modified: "D:/riscv/RISCV/myriscv/mycpu_sync.v". 
Parse module hierarchy of project 'D:/riscv/RISCV/temp_projects/Main_Flow/Main_Flow.pds' (ADS Parser)
I: Flow-6004: Design file modified: "D:/riscv/RISCV/myriscv/mycpu_sync.v". 
