IP Generator (Version 2022.2-SP6.4 build 146967)
Check out license ...
Start generating at 2026-09-13 13:57
Instance: data_ram (D:\riscv\RISCV\ipcore\data_ram\data_ram.idf)
IP: Pango DRM Based Single Port RAM (1.8)
Part: Logos2-PG2L100H-FBG484--6
Create directory 'rtl' ...
Copy 'rtl\ipm2l_spram_v1_8.v.xml' to 'rtl' ...
Compile file 'rtl\ipm2l_spram_v1_8.v.xml' to 'rtl\ipm2l_spram_v1_8_data_ram.v' ...
Copy 'ipm2l_spram_wrapper_v1_8.v.xml' ...
Compile file 'ipm2l_spram_wrapper_v1_8.v.xml' to 'data_ram.v' ...
Found top module 'data_ram' in file 'data_ram.v'.
Copy 'ipm2l_spram_wrapper_v1_0_tb.v.xml' ...
Compile file 'ipm2l_spram_wrapper_v1_0_tb.v.xml' to 'data_ram_tb.v' ...
Copy 'init_param_bin_exmp.dat' ...
Copy 'init_param_hex_exmp.dat' ...
Run file 'createParam.tcl' ...
Run file 'creatResetValue.tcl' ...
Create template file 'data_ram_tmpl.v' ...
Create template file 'data_ram_tmpl.vhdl' ...
There are 2 source files to synthesize.
Synthesis is disabled.
Done: 0 error(s), 0 warning(s)
