# D:/riscv/RISCV/myriscv/alu.v D:/riscv/RISCV/myriscv/br_alu.v D:/riscv/RISCV/myriscv/l_alu.v D:/riscv/RISCV/myriscv/regfile.v D:/riscv/RISCV/myriscv/csr_file.v D:/riscv/RISCV/myriscv/mycpu_sync.v D:/riscv/RISCV/myriscv/inst_bus_interconnect.v D:/riscv/RISCV/myriscv/data_bus_interconnect.v D:/riscv/RISCV/myriscv/inst_bram_adapter.v D:/riscv/RISCV/myriscv/data_bram_adapter.v D:/riscv/RISCV/myriscv/simple_mmio.v D:/riscv/RISCV/myriscv/dual_sram_to_pango_ddr_bridge.v D:/riscv/RISCV/myriscv/uart_tx.v D:/riscv/RISCV/myriscv/uart_rx.v D:/riscv/RISCV/myriscv/uart_rx_fifo.v D:/riscv/RISCV/myriscv/uart_mmio.v D:/riscv/RISCV/myriscv/soc_top.v D:/riscv/RISCV/difftest/model/inst_rom.v
# D:/riscv/RISCV/myriscv/alu.v D:/riscv/RISCV/myriscv/br_alu.v D:/riscv/RISCV/myriscv/l_alu.v D:/riscv/RISCV/myriscv/regfile.v D:/riscv/RISCV/myriscv/csr_file.v D:/riscv/RISCV/myriscv/mycpu_sync.v D:/riscv/RISCV/myriscv/inst_bus_interconnect.v D:/riscv/RISCV/myriscv/data_bus_interconnect.v D:/riscv/RISCV/myriscv/inst_bram_adapter.v D:/riscv/RISCV/myriscv/data_bram_adapter.v D:/riscv/RISCV/myriscv/simple_mmio.v D:/riscv/RISCV/myriscv/dual_sram_to_pango_ddr_bridge.v D:/riscv/RISCV/myriscv/uart_tx.v D:/riscv/RISCV/myriscv/uart_rx.v D:/riscv/RISCV/myriscv/uart_rx_fifo.v D:/riscv/RISCV/myriscv/uart_mmio.v D:/riscv/RISCV/myriscv/soc_top.v D:/riscv/RISCV/difftest/model/inst_rom.v D:/riscv/RISCV/difftest/model/data_ram.v
# D:/riscv/RISCV/myriscv/alu.v D:/riscv/RISCV/myriscv/br_alu.v D:/riscv/RISCV/myriscv/l_alu.v D:/riscv/RISCV/myriscv/regfile.v D:/riscv/RISCV/myriscv/csr_file.v D:/riscv/RISCV/myriscv/mycpu_sync.v D:/riscv/RISCV/myriscv/inst_bus_interconnect.v D:/riscv/RISCV/myriscv/data_bus_interconnect.v D:/riscv/RISCV/myriscv/inst_bram_adapter.v D:/riscv/RISCV/myriscv/data_bram_adapter.v D:/riscv/RISCV/myriscv/simple_mmio.v D:/riscv/RISCV/myriscv/dual_sram_to_pango_ddr_bridge.v D:/riscv/RISCV/myriscv/uart_tx.v D:/riscv/RISCV/myriscv/uart_rx.v D:/riscv/RISCV/myriscv/uart_rx_fifo.v D:/riscv/RISCV/myriscv/uart_mmio.v D:/riscv/RISCV/myriscv/soc_top.v D:/riscv/RISCV/difftest/model/inst_rom.v D:/riscv/RISCV/difftest/model/data_ram.v D:/riscv/RISCV/source/tb_soc_uart_cpu.v
# Model Technology ModelSim DE-64 vlog 10.6c Compiler 2017.07 Jul 26 2017
# Start time: 15:46:16 on Oct 05,2026
# vlog -sv -work D:/riscv/RISCV/sim/uart_mmio/soc_uart_cpu_work "+incdir+D:/riscv/RISCV/myriscv" D:/riscv/RISCV/myriscv/alu.v D:/riscv/RISCV/myriscv/br_alu.v D:/riscv/RISCV/myriscv/l_alu.v D:/riscv/RISCV/myriscv/regfile.v D:/riscv/RISCV/myriscv/csr_file.v D:/riscv/RISCV/myriscv/mycpu_sync.v D:/riscv/RISCV/myriscv/inst_bus_interconnect.v D:/riscv/RISCV/myriscv/data_bus_interconnect.v D:/riscv/RISCV/myriscv/inst_bram_adapter.v D:/riscv/RISCV/myriscv/data_bram_adapter.v D:/riscv/RISCV/myriscv/simple_mmio.v D:/riscv/RISCV/myriscv/dual_sram_to_pango_ddr_bridge.v D:/riscv/RISCV/myriscv/uart_tx.v D:/riscv/RISCV/myriscv/uart_rx.v D:/riscv/RISCV/myriscv/uart_rx_fifo.v D:/riscv/RISCV/myriscv/uart_mmio.v D:/riscv/RISCV/myriscv/soc_top.v D:/riscv/RISCV/difftest/model/inst_rom.v D:/riscv/RISCV/difftest/model/data_ram.v D:/riscv/RISCV/source/tb_soc_uart_cpu.v
# -- Compiling module alu
# -- Compiling module br_alu
# -- Compiling module l_alu
# -- Compiling module regfile
# -- Compiling module csr_file
# -- Compiling module mycpu_sync
# -- Compiling module inst_bus_interconnect
# -- Compiling module data_bus_interconnect
# -- Compiling module inst_bram_adapter
# -- Compiling module data_bram_adapter
# -- Compiling module simple_mmio
# -- Compiling module dual_sram_to_pango_ddr_bridge
# -- Compiling module uart_tx
# -- Compiling module uart_rx
# -- Compiling module uart_rx_fifo
# -- Compiling module uart_mmio
# -- Compiling module soc_top
# -- Compiling module inst_rom
# -- Compiling module data_ram
# -- Compiling module tb_soc_uart_cpu
#
# Top level modules:
# 	tb_soc_uart_cpu
# End time: 15:46:16 on Oct 05,2026, Elapsed time: 0:00:00
# Errors: 0, Warnings: 0
# vsim -t 1fs -lib D:/riscv/RISCV/sim/uart_mmio/soc_uart_cpu_work tb_soc_uart_cpu
# Start time: 15:46:16 on Oct 05,2026
# //  ModelSim DE-64 10.6c Jul 26 2017
# //
# //  Copyright 1991-2017 Mentor Graphics Corporation
# //  All Rights Reserved.
# //
# //  ModelSim DE-64 and its associated documentation contain trade
# //  secrets and commercial or financial information that are the property of
# //  Mentor Graphics Corporation and are privileged, confidential,
# //  and exempt from disclosure under the Freedom of Information Act,
# //  5 U.S.C. Section 552. Furthermore, this information
# //  is prohibited from disclosure under the Trade Secrets Act,
# //  18 U.S.C. Section 1905.
# //
# Loading sv_std.std
# Loading D:/riscv/RISCV/sim/uart_mmio/soc_uart_cpu_work.tb_soc_uart_cpu
# Loading D:/riscv/RISCV/sim/uart_mmio/soc_uart_cpu_work.soc_top
# Loading D:/riscv/RISCV/sim/uart_mmio/soc_uart_cpu_work.mycpu_sync
# Loading D:/riscv/RISCV/sim/uart_mmio/soc_uart_cpu_work.regfile
# Loading D:/riscv/RISCV/sim/uart_mmio/soc_uart_cpu_work.alu
# Loading D:/riscv/RISCV/sim/uart_mmio/soc_uart_cpu_work.l_alu
# Loading D:/riscv/RISCV/sim/uart_mmio/soc_uart_cpu_work.csr_file
# Loading D:/riscv/RISCV/sim/uart_mmio/soc_uart_cpu_work.br_alu
# Loading D:/riscv/RISCV/sim/uart_mmio/soc_uart_cpu_work.inst_bus_interconnect
# Loading D:/riscv/RISCV/sim/uart_mmio/soc_uart_cpu_work.inst_bram_adapter
# Loading D:/riscv/RISCV/sim/uart_mmio/soc_uart_cpu_work.inst_rom
# Loading D:/riscv/RISCV/sim/uart_mmio/soc_uart_cpu_work.data_bus_interconnect
# Loading D:/riscv/RISCV/sim/uart_mmio/soc_uart_cpu_work.data_bram_adapter
# Loading D:/riscv/RISCV/sim/uart_mmio/soc_uart_cpu_work.data_ram
# Loading D:/riscv/RISCV/sim/uart_mmio/soc_uart_cpu_work.simple_mmio
# Loading D:/riscv/RISCV/sim/uart_mmio/soc_uart_cpu_work.uart_mmio
# Loading D:/riscv/RISCV/sim/uart_mmio/soc_uart_cpu_work.uart_tx
# Loading D:/riscv/RISCV/sim/uart_mmio/soc_uart_cpu_work.uart_rx
# Loading D:/riscv/RISCV/sim/uart_mmio/soc_uart_cpu_work.uart_rx_fifo
# RESULT: PASS soc_uart_cpu; real CPU SB/SH/SW TX Hello, LBU/LB/LHU/LH/LW RX Hello; polls=2014
# ** Note: $finish    : D:/riscv/RISCV/source/tb_soc_uart_cpu.v(81)
#    Time: 535895922620 fs  Iteration: 0  Instance: /tb_soc_uart_cpu
# Break in Module tb_soc_uart_cpu at D:/riscv/RISCV/source/tb_soc_uart_cpu.v line 81
# Stopped at D:/riscv/RISCV/source/tb_soc_uart_cpu.v line 81
# End time: 15:46:17 on Oct 05,2026, Elapsed time: 0:00:01
# Errors: 0, Warnings: 0
