# End time: 15:46:17 on Oct 05,2026, Elapsed time: 0:00:01
# Errors: 0, Warnings: 9
# vsim -lib D:/riscv/RISCV/sim/uart_mmio/bus_regression_work tb_ddr_bus_path -l D:/riscv/RISCV/sim/uart_mmio/tb_ddr_bus_path.log
# Start time: 15:46:17 on Oct 05,2026
# Loading sv_std.std
# Loading D:/riscv/RISCV/sim/uart_mmio/bus_regression_work.tb_ddr_bus_path
# Loading D:/riscv/RISCV/sim/uart_mmio/bus_regression_work.inst_bus_interconnect
# Loading D:/riscv/RISCV/sim/uart_mmio/bus_regression_work.data_bus_interconnect
# Loading D:/riscv/RISCV/sim/uart_mmio/bus_regression_work.dual_sram_to_pango_ddr_bridge
# PASS: I addr=00000020
# PASS: D addr=00000020 write=0
# PASS: D addr=10000004 write=0
# PASS: I addr=40000014
# PASS: D addr=4000002c write=0
# PASS: D addr=40000025 write=1
# PASS: D addr=40000024 write=0
# PASS: I addr=60000000
# PASS: D addr=60000000 write=0
# RESULT: PASS ddr_bus_path
# ** Note: $finish    : D:/riscv/RISCV/source/tb_ddr_bus_path.v(269)
#    Time: 330 ns  Iteration: 1  Instance: /tb_ddr_bus_path
# Break in Module tb_ddr_bus_path at D:/riscv/RISCV/source/tb_ddr_bus_path.v line 269
# Stopped at D:/riscv/RISCV/source/tb_ddr_bus_path.v line 269
# End time: 15:46:18 on Oct 05,2026, Elapsed time: 0:00:01
# Errors: 0, Warnings: 0
