# Reading D:/modelsim/tcl/vsim/pref.tcl
# do {D:/riscv/RISCV/sim/pds_ddr_ip_compile.tcl}
# D:/riscv/RISCV
# D:/riscv/RISCV/ipcore/ddr3/sim/modelsim
# C:/pango/PDS_2022.2-SP6.4/arch/vendor/pango/verilog/simulation
# pds_ddr_ip_work
# D:/riscv/RISCV/sim/pds_ddr_ip_work
# reading modelsim.ini
# Model Technology ModelSim DE-64 vmap 10.6c Lib Mapping Utility 2017.07 Jul 26 2017
# vmap pds_ddr_ip_work D:/riscv/RISCV/sim/pds_ddr_ip_work 
# Modifying modelsim.ini
# Model Technology ModelSim DE-64 vlog 10.6c Compiler 2017.07 Jul 26 2017
# Start time: 01:08:19 on Sep 29,2026
# vlog -reportprogress 300 -work pds_ddr_ip_work C:/pango/PDS_2022.2-SP6.4/arch/vendor/pango/verilog/simulation/modelsim10.2c/adc_e2_source_codes/adc_e2_alarm_ot.vp C:/pango/PDS_2022.2-SP6.4/arch/vendor/pango/verilog/simulation/modelsim10.2c/adc_e2_source_codes/adc_e2_ana_core.vp C:/pango/PDS_2022.2-SP6.4/arch/vendor/pango/verilog/simulation/modelsim10.2c/adc_e2_source_codes/adc_e2_analog_top.vp C:/pango/PDS_2022.2-SP6.4/arch/vendor/pango/verilog/simulation/modelsim10.2c/adc_e2_source_codes/adc_e2_apb_interface.vp C:/pango/PDS_2022.2-SP6.4/arch/vendor/pango/verilog/simulation/modelsim10.2c/adc_e2_source_codes/adc_e2_calib.vp C:/pango/PDS_2022.2-SP6.4/arch/vendor/pango/verilog/simulation/modelsim10.2c/adc_e2_source_codes/adc_e2_channel_calculation.vp C:/pango/PDS_2022.2-SP6.4/arch/vendor/pango/verilog/simulation/modelsim10.2c/adc_e2_source_codes/adc_e2_channel_ctrl.vp C:/pango/PDS_2022.2-SP6.4/arch/vendor/pango/verilog/simulation/modelsim10.2c/adc_e2_source_codes/adc_e2_clk_gen.vp C:/pango/PDS_2022.2-SP6.4/arch/vendor/pango/verilog/simulation/modelsim10.2c/adc_e2_source_codes/adc_e2_ctrl.vp C:/pango/PDS_2022.2-SP6.4/arch/vendor/pango/verilog/simulation/modelsim10.2c/adc_e2_source_codes/adc_e2_en_valid.vp C:/pango/PDS_2022.2-SP6.4/arch/vendor/pango/verilog/simulation/modelsim10.2c/adc_e2_source_codes/adc_e2_en_valid_apb.vp C:/pango/PDS_2022.2-SP6.4/arch/vendor/pango/verilog/simulation/modelsim10.2c/adc_e2_source_codes/adc_e2_jtag_apb_top.vp C:/pango/PDS_2022.2-SP6.4/arch/vendor/pango/verilog/simulation/modelsim10.2c/adc_e2_source_codes/adc_e2_jtag_interface.vp C:/pango/PDS_2022.2-SP6.4/arch/vendor/pango/verilog/simulation/modelsim10.2c/adc_e2_source_codes/adc_e2_logic.vp C:/pango/PDS_2022.2-SP6.4/arch/vendor/pango/verilog/simulation/modelsim10.2c/adc_e2_source_codes/adc_e2_logic_top.vp C:/pango/PDS_2022.2-SP6.4/arch/vendor/pango/verilog/simulation/modelsim10.2c/adc_e2_source_codes/adc_e2_mode_ctrl.vp C:/pango/PDS_2022.2-SP6.4/arch/vendor/pango/verilog/simulation/modelsim10.2c/adc_e2_source_codes/adc_e2_rstn_gen.vp C:/pango/PDS_2022.2-SP6.4/arch/vendor/pango/verilog/simulation/modelsim10.2c/adc_e2_source_codes/adc_e2_rstn_syn.vp C:/pango/PDS_2022.2-SP6.4/arch/vendor/pango/verilog/simulation/modelsim10.2c/adc_e2_source_codes/adc_e2_sample.vp C:/pango/PDS_2022.2-SP6.4/arch/vendor/pango/verilog/simulation/modelsim10.2c/adc_e2_source_codes/adc_e2_sample_sync.vp C:/pango/PDS_2022.2-SP6.4/arch/vendor/pango/verilog/simulation/modelsim10.2c/adc_e2_source_codes/adc_e2_sc_adc_en_ctrl.vp C:/pango/PDS_2022.2-SP6.4/arch/vendor/pango/verilog/simulation/modelsim10.2c/adc_e2_source_codes/adc_e2_signal_sync.vp C:/pango/PDS_2022.2-SP6.4/arch/vendor/pango/verilog/simulation/modelsim10.2c/adc_e2_source_codes/adc_e2_sta_reg.vp C:/pango/PDS_2022.2-SP6.4/arch/vendor/pango/verilog/simulation/modelsim10.2c/adc_e2_source_codes/adc_e2_taylor_calt.vp 
# 
# Top level modules:
# End time: 01:08:20 on Sep 29,2026, Elapsed time: 0:00:01
# Errors: 0, Warnings: 0
# Model Technology ModelSim DE-64 vlog 10.6c Compiler 2017.07 Jul 26 2017
# Start time: 01:08:20 on Sep 29,2026
# vlog -reportprogress 300 -sv -work pds_ddr_ip_work -mfcu -incr -suppress 2902 -f sim_file_list.f -y C:/pango/PDS_2022.2-SP6.4/arch/vendor/pango/verilog/simulation "+libext+.v" "+incdir+../../example_design/bench/mem/" 
# -- Skipping module ddr3_test_top_tb
# -- Skipping module ddr3_mem
# -- Skipping module test_ddr
# -- Skipping module prbs15_64bit_v1_0
# -- Skipping module prbs31_128bit_v1_0
# -- Skipping module axi_bist_top_v1_0
# -- Skipping module test_main_ctrl_v1_0
# -- Skipping module test_rd_ctrl_v1_0
# -- Skipping module test_wr_ctrl_v1_0
# -- Skipping module uart_rd_lock
# -- Skipping module ips2l_clk_gen_32bit
# -- Skipping module ips2l_cmd_parser_32bit
# -- Skipping module ips2l_seu_rs232_intf
# -- Skipping module ips2l_seu_uart_rx
# -- Skipping module ips2l_seu_uart_tx
# -- Skipping module ips2l_uart_ctrl_32bit
# -- Skipping module ips2l_uart_ctrl_top_32bit
# -- Skipping module ips2l_ver_ctrl_32bit
# -- Skipping module ADC
# -- Skipping module adc_ctrl
# -- Skipping module ddr3_slice_top_v1_10
# -- Skipping module ddr3
# -- Skipping module ddr3_ddrphy_top
# -- Scanning library directory 'C:/pango/PDS_2022.2-SP6.4/arch/vendor/pango/verilog/simulation'
# -- Skipping module GTP_INBUFDS
# -- Skipping module GTP_CLKBUFG
# -- Skipping module GTP_ADC_E2
# -- Skipping module GTP_CLKBUFR
# -- Skipping module GTP_IOCLKDIV_E3
# -- Skipping module GTP_DDC_E2
# -- Skipping module GTP_OSERDES_E2
# -- Skipping module GTP_IODELAY_E2
# -- Skipping module GTP_OUTBUFTCO
# -- Skipping module GTP_OUTBUFT
# -- Skipping module GTP_DLL_E2
# -- Skipping module GTP_IOBUF
# -- Skipping module GTP_IOBUFCO
# -- Skipping module GTP_ISERDES_E2
# -- Skipping module GTP_GPLL
# -- Skipping module GTP_PPLL
# -- Skipping module GTP_CLKBUFM
# -- Skipping module GTP_CLKPD
# -- Scanning library directory 'C:/pango/PDS_2022.2-SP6.4/arch/vendor/pango/verilog/simulation'
# -- Skipping package ddr3_test_top_tb_v_unit
# -- Compiling module prbs15_64bit_v1_0
# -- Compiling module prbs31_128bit_v1_0
# -- Compiling module axi_bist_top_v1_0
# -- Compiling module test_main_ctrl_v1_0
# -- Compiling module test_rd_ctrl_v1_0
# -- Compiling module test_wr_ctrl_v1_0
# -- Compiling module uart_rd_lock
# -- Compiling module ips2l_clk_gen_32bit
# -- Compiling module ips2l_cmd_parser_32bit
# -- Compiling module ips2l_seu_rs232_intf
# -- Compiling module ips2l_seu_uart_rx
# -- Compiling module ips2l_seu_uart_tx
# -- Compiling module ips2l_uart_ctrl_32bit
# -- Compiling module ips2l_uart_ctrl_top_32bit
# -- Compiling module ips2l_ver_ctrl_32bit
# -- Compiling module ADC
# -- Compiling module adc_ctrl
# -- Compiling module ddr3_slice_top_v1_10
# ** Warning: C:/pango/PDS_2022.2-SP6.4/ip/system_ip/ips2l_hmic_s/ips2l_hmic_eval/ips2l_hmic_s/../../../../../arch/vendor/pango/verilog/simulation/modelsim10.2c/common_lib/logos2_primitive.vp(1480): (vlog-2633) '<protected>' already exists.
# ** Warning: C:/pango/PDS_2022.2-SP6.4/ip/system_ip/ips2l_hmic_s/ips2l_hmic_eval/ips2l_hmic_s/../../../../../arch/vendor/pango/verilog/simulation/modelsim10.2c/common_lib/logos2_primitive.vp(1480): (vlog-2633) '<protected>' already exists.
# ** Warning: C:/pango/PDS_2022.2-SP6.4/ip/system_ip/ips2l_hmic_s/ips2l_hmic_eval/ips2l_hmic_s/../../../../../arch/vendor/pango/verilog/simulation/modelsim10.2c/common_lib/logos2_primitive.vp(1480): (vlog-2633) '<protected>' already exists.
# ** Warning: C:/pango/PDS_2022.2-SP6.4/ip/system_ip/ips2l_hmic_s/ips2l_hmic_eval/ips2l_hmic_s/../../../../../arch/vendor/pango/verilog/simulation/modelsim10.2c/common_lib/logos2_primitive.vp(1480): (vlog-2633) '<protected>' already exists.
# ** Warning: C:/pango/PDS_2022.2-SP6.4/ip/system_ip/ips2l_hmic_s/ips2l_hmic_eval/ips2l_hmic_s/../../../../../arch/vendor/pango/verilog/simulation/modelsim10.2c/common_lib/logos2_primitive.vp(1480): (vlog-2633) '<protected>' already exists.
# ** Warning: C:/pango/PDS_2022.2-SP6.4/ip/system_ip/ips2l_hmic_s/ips2l_hmic_eval/ips2l_hmic_s/../../../../../arch/vendor/pango/verilog/simulation/modelsim10.2c/common_lib/logos2_primitive.vp(1480): (vlog-2633) '<protected>' already exists.
# -- Compiling module ddr3
# -- Compiling module ddr3_ddrphy_top
# -- Compiling module GTP_GRS
# -- Compiling module GTP_INBUFDS
# -- Compiling module GTP_CLKBUFG
# -- Compiling module GTP_ADC_E2
# -- Compiling module GTP_CLKBUFR
# -- Compiling module GTP_IOCLKDIV_E3
# -- Compiling module GTP_DDC_E2
# -- Compiling module GTP_OSERDES_E2
# -- Compiling module GTP_IODELAY_E2
# -- Compiling module GTP_OUTBUFTCO
# -- Compiling module GTP_OUTBUFT
# -- Compiling module GTP_DLL_E2
# -- Compiling module GTP_IOBUF
# -- Compiling module GTP_IOBUFCO
# -- Compiling module GTP_ISERDES_E2
# -- Compiling module GTP_GPLL
# -- Compiling module GTP_PPLL
# -- Compiling module GTP_CLKBUFM
# -- Compiling module GTP_CLKPD
# 
# Referenced (but uncompiled) modules or primitives:
# 	adc_e2_logic_top
# 	adc_e2_analog_top
# 	oserdes_e2_iolhp_ol
# 	dll_e2_ddrphy_dll_fsm_hp
# 	iserdes_e2_iolhp_il_clkgen
# 	iserdes_e2_iolhp_il_srce
# 	iserdes_e2_iolhp_il_data
# 	iserdes_e2_iolhp_il_gearctrl
# 	iserdes_e2_iolhp_il_gear
# 
# Top level modules:
# 	ddr3_test_top_tb
# End time: 01:08:22 on Sep 29,2026, Elapsed time: 0:00:02
# Errors: 0, Warnings: 6
# D:/riscv/RISCV/ipcore/inst_rom/rtl/ipm2l_rom_v1_8_inst_rom.v D:/riscv/RISCV/ipcore/inst_rom/rtl/ipm2l_spram_v1_8_inst_rom.v D:/riscv/RISCV/ipcore/inst_rom/inst_rom.v D:/riscv/RISCV/ipcore/data_ram/rtl/ipm2l_spram_v1_8_data_ram.v D:/riscv/RISCV/ipcore/data_ram/data_ram.v
# Model Technology ModelSim DE-64 vlog 10.6c Compiler 2017.07 Jul 26 2017
# Start time: 01:08:22 on Sep 29,2026
# vlog -reportprogress 300 -sv -work pds_ddr_ip_work -mfcu -incr -suppress 2902 "+define+DDR_RV32I" "+incdir+D:/riscv/RISCV/myriscv" "+incdir+D:/riscv/RISCV/ipcore/inst_rom/rtl" "+incdir+D:/riscv/RISCV/ipcore/data_ram/rtl" "+incdir+../../example_design/bench/mem/" -y C:/pango/PDS_2022.2-SP6.4/arch/vendor/pango/verilog/simulation "+libext+.v" D:/riscv/RISCV/myriscv/alu.v D:/riscv/RISCV/myriscv/br_alu.v D:/riscv/RISCV/myriscv/l_alu.v D:/riscv/RISCV/myriscv/regfile.v D:/riscv/RISCV/myriscv/csr_file.v D:/riscv/RISCV/myriscv/mycpu_sync.v D:/riscv/RISCV/myriscv/inst_bus_interconnect.v D:/riscv/RISCV/myriscv/data_bus_interconnect.v D:/riscv/RISCV/myriscv/inst_bram_adapter.v D:/riscv/RISCV/myriscv/data_bram_adapter.v D:/riscv/RISCV/myriscv/simple_mmio.v D:/riscv/RISCV/myriscv/dual_sram_to_pango_ddr_bridge.v D:/riscv/RISCV/myriscv/soc_top.v D:/riscv/RISCV/myriscv/soc_ddr3_top.v D:/riscv/RISCV/ipcore/inst_rom/rtl/ipm2l_rom_v1_8_inst_rom.v D:/riscv/RISCV/ipcore/inst_rom/rtl/ipm2l_spram_v1_8_inst_rom.v D:/riscv/RISCV/ipcore/inst_rom/inst_rom.v D:/riscv/RISCV/ipcore/data_ram/rtl/ipm2l_spram_v1_8_data_ram.v D:/riscv/RISCV/ipcore/data_ram/data_ram.v D:/riscv/RISCV/source/tb_soc_ddr3_pds_ip.v 
# -- Skipping module alu
# -- Skipping module br_alu
# -- Skipping module l_alu
# -- Skipping module regfile
# -- Skipping module csr_file
# -- Skipping module mycpu_sync
# -- Skipping module inst_bus_interconnect
# -- Skipping module data_bus_interconnect
# -- Skipping module inst_bram_adapter
# -- Skipping module data_bram_adapter
# -- Skipping module simple_mmio
# -- Skipping module dual_sram_to_pango_ddr_bridge
# -- Skipping module soc_top
# -- Skipping module soc_ddr3_top
# -- Skipping module ipm2l_rom_v1_8_inst_rom
# -- Skipping module ipm2l_spram_v1_8_inst_rom
# -- Skipping module inst_rom
# -- Compiling module ipm2l_spram_v1_8_data_ram
# -- Compiling module data_ram
# -- Skipping module tb_soc_ddr3_pds_ip
# -- Scanning library directory 'C:/pango/PDS_2022.2-SP6.4/arch/vendor/pango/verilog/simulation'
# -- Skipping module GTP_DRM36K_E1
# -- Compiling module GTP_GRS
# 
# Referenced (but uncompiled) modules or primitives:
# 	ddr3
# 	ddr3_mem
# 
# Top level modules:
# 	tb_soc_ddr3_pds_ip
# End time: 01:08:22 on Sep 29,2026, Elapsed time: 0:00:00
# Errors: 0, Warnings: 0
# do {D:/riscv/RISCV/sim/pds_ddr_ip_run.tcl}
# D:/riscv/RISCV
# pds_ddr_ip_work
# D:/riscv/RISCV/sim/pds_ddr_ip_work
# reading modelsim.ini
# Model Technology ModelSim DE-64 vmap 10.6c Lib Mapping Utility 2017.07 Jul 26 2017
# vmap pds_ddr_ip_work D:/riscv/RISCV/sim/pds_ddr_ip_work 
# Modifying modelsim.ini
