EXIT=0
iverilog.exe : D:\riscv\RISCV\.workbuddy\review_sync\mycpu_sync_fixed.v:182: wa
rning: implicit definition of wire 'data_sram_we'.
???? ?:445 ??: 83
+ ... v\'; $out = & "D:\iverilog\bin\iverilog.exe" -g2012 -Wall -t null -s  ...
+                 ~~~~~~~~~~~~~~~~~~~~~~~~~~~~~~~~~~~~~~~~~~~~~~~~~~~~~~~~~
    + CategoryInfo          : NotSpecified: (D:\riscv\RISCV\...'data_sram_we'. 
   :String) [], RemoteException
    + FullyQualifiedErrorId : NativeCommandError
 
D:\riscv\RISCV\.workbuddy\review_sync\mycpu_sync_fixed.v:183: warning: implicit
 definition of wire 'data_sram_addr'.
D:\riscv\RISCV\.workbuddy\review_sync\mycpu_sync_fixed.v:184: warning: implicit
 definition of wire 'data_sram_wdata'.
D:\riscv\RISCV\.workbuddy\review_sync\mycpu_sync_fixed.v:190: warning: implicit
 definition of wire 'data_sram_rdata'.
D:\riscv\RISCV\.workbuddy\review_sync\mycpu_sync_fixed.v:208: warning: implicit
 definition of wire 'debug_wb_pc'.
D:\riscv\RISCV\.workbuddy\review_sync\mycpu_sync_fixed.v:209: warning: implicit
 definition of wire 'debug_wb_rf_we'.
D:\riscv\RISCV\.workbuddy\review_sync\mycpu_sync_fixed.v:210: warning: implicit
 definition of wire 'debug_wb_rf_wnum'.
D:\riscv\RISCV\.workbuddy\review_sync\mycpu_sync_fixed.v:211: warning: implicit
 definition of wire 'debug_wb_rf_wdata'.
D:\riscv\RISCV\.workbuddy\review_sync\mycpu_sync_fixed.v:172: warning: Port 1 (
alu_op) of alu expects 12 bits, got 11.
D:\riscv\RISCV\.workbuddy\review_sync\mycpu_sync_fixed.v:172:        : Padding 
1 high bits of the port.
D:\riscv\RISCV\.workbuddy\review_sync\mycpu_sync_fixed.v:187: warning: Port 3 (
data_sram_rdata) of l_alu expects 32 bits, got 1.
D:\riscv\RISCV\.workbuddy\review_sync\mycpu_sync_fixed.v:187:        : Padding 
31 high bits of the port.

