# Model Technology ModelSim DE-64 vlog 10.6c Compiler 2017.07 Jul 26 2017
# Start time: 15:42:19 on Oct 05,2026
# vlog -sv -work D:/riscv/RISCV/sim/uart_tx/uart_tx_work D:/riscv/RISCV/myriscv/uart_tx.v D:/riscv/RISCV/source/tb_uart_tx.v
# -- Compiling module uart_tx
# -- Compiling module tb_uart_tx
#
# Top level modules:
# 	tb_uart_tx
# End time: 15:42:20 on Oct 05,2026, Elapsed time: 0:00:01
# Errors: 0, Warnings: 0
# vsim -t 1fs -lib D:/riscv/RISCV/sim/uart_tx/uart_tx_work tb_uart_tx
# Start time: 15:42:20 on Oct 05,2026
# //  ModelSim DE-64 10.6c Jul 26 2017
# //
# //  Copyright 1991-2017 Mentor Graphics Corporation
# //  All Rights Reserved.
# //
# //  ModelSim DE-64 and its associated documentation contain trade
# //  secrets and commercial or financial information that are the property of
# //  Mentor Graphics Corporation and are privileged, confidential,
# //  and exempt from disclosure under the Freedom of Information Act,
# //  5 U.S.C. Section 552. Furthermore, this information
# //  is prohibited from disclosure under the Trade Secrets Act,
# //  18 U.S.C. Section 1905.
# //
# Loading sv_std.std
# Loading D:/riscv/RISCV/sim/uart_tx/uart_tx_work.tb_uart_tx
# Loading D:/riscv/RISCV/sim/uart_tx/uart_tx_work.uart_tx
# DECODE: index=0 byte=0x48 PASS
# DECODE: index=1 byte=0x65 PASS
# DECODE: index=2 byte=0x6c PASS
# DECODE: index=3 byte=0x6c PASS
# DECODE: index=4 byte=0x6f PASS
# CHECK: continuous nominal-rate decoded Hello PASS
# DECODE: index=5 byte=0x00 PASS
# DECODE: index=6 byte=0xff PASS
# DECODE: index=7 byte=0x55 PASS
# DECODE: index=8 byte=0xaa PASS
# DECODE: index=9 byte=0x01 PASS
# DECODE: index=10 byte=0x80 PASS
# DECODE: index=11 byte=0x52 PASS
# CHECK: 814 clocks/bit, all line levels, busy pulses=10, reset recovery PASS
# RESULT: PASS uart_tx Hello + 00/ff/55/aa/01/80 + reset recovery; decoded=12 bit_cycle_checks=99309
# ** Note: $finish    : D:/riscv/RISCV/source/tb_uart_tx.v(224)
#    Time: 1580693234540 fs  Iteration: 1  Instance: /tb_uart_tx
# Break in Module tb_uart_tx at D:/riscv/RISCV/source/tb_uart_tx.v line 224
# Stopped at D:/riscv/RISCV/source/tb_uart_tx.v line 224
# End time: 15:42:21 on Oct 05,2026, Elapsed time: 0:00:01
# Errors: 0, Warnings: 0
