IP Generator (Version 2022.2-SP6.4 build 146967)
Check out license ...
Start generating at 2026-09-05 20:29
Instance: inst_rom (D:\riscv\RISCV\ipcore\inst_rom\inst_rom.idf)
IP: Pango DRM Based ROM (1.8)
Part: Logos2-PG2L100H-FBG484--6
Create directory 'rtl' ...
Copy 'rtl\ipm2l_rom_v1_8.v.xml' to 'rtl' ...
Copy 'rtl\ipm2l_spram_v1_8.v.xml' to 'rtl' ...
Compile file 'rtl\ipm2l_spram_v1_8.v.xml' to 'rtl\ipm2l_spram_v1_8_inst_rom.v' ...
Compile file 'rtl\ipm2l_rom_v1_8.v.xml' to 'rtl\ipm2l_rom_v1_8_inst_rom.v' ...
Copy 'ipm2l_rom_wrapper_v1_8.v.xml' ...
Compile file 'ipm2l_rom_wrapper_v1_8.v.xml' to 'inst_rom.v' ...
Found top module 'inst_rom' in file 'inst_rom.v'.
Copy 'ipm2l_rom_wrapper_v1_0_tb.v.xml' ...
Compile file 'ipm2l_rom_wrapper_v1_0_tb.v.xml' to 'inst_rom_tb.v' ...
Copy 'init_param_bin_exmp.dat' ...
Copy 'init_param_hex_exmp.dat' ...
Run file 'createParam.tcl' ...
Run file 'creatResetValue.tcl' ...
Create template file 'inst_rom_tmpl.v' ...
Create template file 'inst_rom_tmpl.vhdl' ...
There are 3 source files to synthesize.
Synthesis is disabled.
Done: 0 error(s), 0 warning(s)
