#Build: Fabric Compiler 2022.2-SP6.4, Build 146967, Jan 31 01:39 2024
#Install: C:\pango\PDS_2022.2-SP6.4\bin
#Application name: pds_shell.exe
#OS: Windows 10 10.0.26200
#Hostname: DESKTOP-B8HQS4N
Generated by Fabric Compiler (version 2022.2-SP6.4 build 146967) at Mon Oct  5 01:27:01 2026


Process "Compile" started.
Current time: Mon Oct  5 01:27:01 2026
Compiling architecture definition.
Analyzing project file 'D:/riscv/RISCV/sim/uart_mmio/uart_synth/uart_synth.pds'.
License checkout: fabric_ads from C:\pango\PDS_2022.2-SP6.4\license\new_pds_F4A80DA47D72.lic
Compiling verification operator library.
Loading technology operator library.
Compiling technology operator library.
Compiling technology operator (valence) library.
I: Enable Verilog2k features and keywords
Start rtl-analyze.
Executing : .rtl_analyze -work work -include_path {D:/riscv/RISCV/sim/uart_mmio/uart_synth} D:/riscv/RISCV/myriscv/uart_tx.v
I: Verilog-0001: Analyzing file D:/riscv/RISCV/myriscv/uart_tx.v
I: Verilog-0002: [D:/riscv/RISCV/myriscv/uart_tx.v(line number: 8)] Analyzing module uart_tx (library work)
Parsing done.
Executing : .rtl_analyze -work work -include_path {D:/riscv/RISCV/sim/uart_mmio/uart_synth} D:/riscv/RISCV/myriscv/uart_tx.v successfully.
Executing : .rtl_analyze -work work -include_path {D:/riscv/RISCV/sim/uart_mmio/uart_synth} D:/riscv/RISCV/myriscv/uart_rx.v
I: Verilog-0001: Analyzing file D:/riscv/RISCV/myriscv/uart_rx.v
I: Verilog-0002: [D:/riscv/RISCV/myriscv/uart_rx.v(line number: 9)] Analyzing module uart_rx (library work)
Parsing done.
Executing : .rtl_analyze -work work -include_path {D:/riscv/RISCV/sim/uart_mmio/uart_synth} D:/riscv/RISCV/myriscv/uart_rx.v successfully.
Executing : .rtl_analyze -work work -include_path {D:/riscv/RISCV/sim/uart_mmio/uart_synth} D:/riscv/RISCV/myriscv/uart_rx_fifo.v
I: Verilog-0001: Analyzing file D:/riscv/RISCV/myriscv/uart_rx_fifo.v
I: Verilog-0002: [D:/riscv/RISCV/myriscv/uart_rx_fifo.v(line number: 9)] Analyzing module uart_rx_fifo (library work)
Parsing done.
Executing : .rtl_analyze -work work -include_path {D:/riscv/RISCV/sim/uart_mmio/uart_synth} D:/riscv/RISCV/myriscv/uart_rx_fifo.v successfully.
Executing : .rtl_analyze -work work -include_path {D:/riscv/RISCV/sim/uart_mmio/uart_synth} D:/riscv/RISCV/myriscv/uart_mmio.v
I: Verilog-0001: Analyzing file D:/riscv/RISCV/myriscv/uart_mmio.v
I: Verilog-0002: [D:/riscv/RISCV/myriscv/uart_mmio.v(line number: 6)] Analyzing module uart_mmio (library work)
Parsing done.
Executing : .rtl_analyze -work work -include_path {D:/riscv/RISCV/sim/uart_mmio/uart_synth} D:/riscv/RISCV/myriscv/uart_mmio.v successfully.
I: Module "uart_mmio" is set as top module.
Executing : rtl-analyze successfully. Time elapsed: 1.267s wall, 0.000s user + 0.000s system = 0.000s CPU (n/a%)

Start rtl-elaborate.
I: Verilog-0003: [D:/riscv/RISCV/myriscv/uart_mmio.v(line number: 6)] Elaborating module uart_mmio
I: Module instance {uart_mmio} parameter value:
    CLK_HZ = 32'b00000101100101101000001011110000
    BAUD = 32'b00000000000000011100001000000000
    RSP_DELAY_CYCLES = 32'b00000000000000000000000000000000
I: Verilog-0004: [D:/riscv/RISCV/myriscv/uart_mmio.v(line number: 54)] Elaborating instance u_tx
I: Verilog-0003: [D:/riscv/RISCV/myriscv/uart_tx.v(line number: 8)] Elaborating module uart_tx
I: Module instance {uart_mmio/u_tx} parameter value:
    CLK_HZ = 32'b00000101100101101000001011110000
    BAUD = 32'b00000000000000011100001000000000
I: Verilog-0004: [D:/riscv/RISCV/myriscv/uart_mmio.v(line number: 58)] Elaborating instance u_rx
I: Verilog-0003: [D:/riscv/RISCV/myriscv/uart_rx.v(line number: 9)] Elaborating module uart_rx
I: Module instance {uart_mmio/u_rx} parameter value:
    CLK_HZ = 32'b00000101100101101000001011110000
    BAUD = 32'b00000000000000011100001000000000
I: Verilog-0004: [D:/riscv/RISCV/myriscv/uart_mmio.v(line number: 62)] Elaborating instance u_fifo
I: Verilog-0003: [D:/riscv/RISCV/myriscv/uart_rx_fifo.v(line number: 9)] Elaborating module uart_rx_fifo
I: Module instance {uart_mmio/u_fifo} parameter value:
    DEPTH = 32'b00000000000000000000000000010000
Executing : rtl-elaborate successfully. Time elapsed: 0.010s wall, 0.016s user + 0.000s system = 0.016s CPU (163.5%)

Start rtl-prep.
Executing : rtl-prep successfully. Time elapsed: 0.006s wall, 0.000s user + 0.000s system = 0.000s CPU (n/a%)

Start rtl-infer.
Start DFF-inference.
Executing : DFF-inference successfully.
I: Sdm-0001: [D:/riscv/RISCV/myriscv/uart_rx_fifo.v(line number: 40)] Found Ram storage, depth=16, width=8.
Executing : rtl-infer successfully. Time elapsed: 0.115s wall, 0.109s user + 0.016s system = 0.125s CPU (108.3%)

Start rtl-control-opt.
Executing : rtl-control-opt successfully. Time elapsed: 0.001s wall, 0.000s user + 0.000s system = 0.000s CPU (n/a%)

Start rtl-data-opt.
Executing : rtl-data-opt successfully. Time elapsed: 0.006s wall, 0.000s user + 0.000s system = 0.000s CPU (n/a%)

Start FSM inference.
I: FSM state_fsm[1:0] inferred.
FSM state_fsm[1:0] STG:
Number of reachable states: 4
Input nets: N74 resetn tx_valid
S0(00)-->S0(00): x0x
S0(00)-->S0(00): xx0
S0(00)-->S1(01): x11
S1(01)-->S2(10): xxx
S2(10)-->S3(11): 1xx
S3(11)-->S0(00): xxx

I: FSM state_fsm[2:0] inferred.
FSM state_fsm[2:0] STG:
Number of reachable states: 5
Input nets: N16 N101 N106 N144 rx_sync
S0(000)-->S1(001): 1xxxx
S1(001)-->S2(010): x1xx0
S2(010)-->S3(011): xxx1x
S3(011)-->S4(100): xx1x0
S4(100)-->S0(000): xxxx1
S1(001)-->S0(000): x1xx1
S3(011)-->S0(000): xx1x1
S1(001)-->S0(000): x11x1
S3(011)-->S0(000): x11x1

Executing : FSM inference successfully. Time elapsed: 0.018s wall, 0.016s user + 0.000s system = 0.016s CPU (85.0%)

Start sdm2adm.
W: Loop was found during constant probe.
W: Loop was found during constant probe.
W: Loop was found during constant probe.
I: Constant propagation done on N33 (bmsWIDEMUX).
W: Loop was found during constant probe.
W: Loop was found during constant probe.
I: Constant propagation done on N64 (bmsWIDEMUX).
I: Constant propagation done on N62 (bmsWIDEMUX).
I: Constant propagation done on N82_2 (bmsWIDEMUX).
I: Constant propagation done on N81_2 (bmsWIDEMUX).
W: Loop was found during constant probe.
W: Loop was found during constant probe.
W: Loop was found during constant probe.
W: Loop was found during constant probe.
Executing : sdm2adm successfully. Time elapsed: 0.010s wall, 0.016s user + 0.000s system = 0.016s CPU (154.3%)

Saving design to DB.
Action compile: Real time elapsed is 0h:0m:4s
Action compile: CPU time elapsed is 0h:0m:0s
Action compile: Process CPU time elapsed is 0h:0m:0s
Current time: Mon Oct  5 01:27:04 2026
Action compile: Peak memory pool usage is 135 MB
Action from compile to compile: Total Real Time elapsed is 0h:0m:4s
Action from compile to compile: Total CPU time elapsed is 0h:0m:0s
Action from compile to compile: Total Process CPU Time elapsed is 0h:0m:0s
Process "Compile" done.


Process "Synthesize" started.
Current time: Mon Oct  5 01:27:04 2026
Compiling architecture definition.
Analyzing project file 'D:/riscv/RISCV/sim/uart_mmio/uart_synth/uart_synth.pds'.
License checkout: fabric_ads from C:\pango\PDS_2022.2-SP6.4\license\new_pds_F4A80DA47D72.lic
Compiling verification operator library.
Compiling common defs.
Loading technology operator library.
Compiling technology operator library.
Compiling technology operator (valence) library.
Reading design from compile DB
Reading design from compile DB successfully.
NOTE: The technology fpga was specified.
NOTE: delay_model specified was generic_cmos.
NOTE: Using the fpga syntax tables...
Totals:
 Calls to malloc = 0
 Calls to calloc = 148538

Constraint check start.
Compiling prim grid devices.
Building architecture model.
Loading device packaging model.
Building architecture floorplan logic view.
Executing : get_ports clk
Executing : get_ports clk successfully.
Executing : create_clock -name core_clk [get_ports clk] -period 10.666667 -waveform {0.000 5.333333}
Executing : create_clock -name core_clk [get_ports clk] -period 10.666667 -waveform {0.000 5.333333} successfully.
W: ConstraintEditor-4019: Port Bus 'req_addr' unspecified I/O constraint.
W: ConstraintEditor-4019: Port Bus 'req_size' unspecified I/O constraint.
W: ConstraintEditor-4019: Port Bus 'req_wdata' unspecified I/O constraint.
W: ConstraintEditor-4019: Port Bus 'req_wstrb' unspecified I/O constraint.
W: ConstraintEditor-4019: Port Bus 'rsp_rdata' unspecified I/O constraint.
W: ConstraintEditor-4019: Port 'clk' unspecified I/O constraint.
W: ConstraintEditor-4019: Port 'req_ready' unspecified I/O constraint.
W: ConstraintEditor-4019: Port 'req_valid' unspecified I/O constraint.
W: ConstraintEditor-4019: Port 'req_write' unspecified I/O constraint.
W: ConstraintEditor-4019: Port 'resetn' unspecified I/O constraint.
W: ConstraintEditor-4019: Port 'rsp_error' unspecified I/O constraint.
W: ConstraintEditor-4019: Port 'rsp_valid' unspecified I/O constraint.
W: ConstraintEditor-4019: Port 'uart_rx' unspecified I/O constraint.
W: ConstraintEditor-4019: Port 'uart_tx' unspecified I/O constraint.
Constraint check end.

Start pre-mapping.
I: Encoding type of FSM 'state_fsm[2:0]' is: onehot.
I: Encoding table of FSM 'state_fsm[2:0]':
I: from  u_rx/state[2] u_rx/state[1] u_rx/state[0]
I: to  u_rx/state_reg[4] u_rx/state_reg[3] u_rx/state_reg[2] u_rx/state_reg[1] u_rx/state_reg[0]
I: 000 => 00001
I: 001 => 00010
I: 010 => 00100
I: 011 => 01000
I: 100 => 10000
I: Encoding type of FSM 'state_fsm[1:0]' is: onehot.
I: Encoding table of FSM 'state_fsm[1:0]':
I: from  u_tx/state[1] u_tx/state[0]
I: to  u_tx/state_reg[3] u_tx/state_reg[2] u_tx/state_reg[1] u_tx/state_reg[0]
I: 00 => 0001
I: 01 => 0010
I: 10 => 0100
I: 11 => 1000
I: Constant propagation done on u_rx/N176 (bmsREDOR).
I: Constant propagation done on u_rx/state_fsm[2:0]_6 (bmsREDOR).
I: Constant propagation done on u_rx/N173 (bmsREDOR).
I: Constant propagation done on u_tx/N153_0 (bmsREDAND).
I: Constant propagation done on u_tx/N154_0 (bmsREDAND).
I: Constant propagation done on u_tx/N42 (bmsREDOR).
W: Removed bmsWIDEDFFCPE inst response_data[31:0] at 8 that is stuck at constant 0.
I: Constant propagation done on response_data[31:0] (bmsWIDEDFFCPE).
Executing : pre-mapping successfully. Time elapsed: 0.102s wall, 0.047s user + 0.000s system = 0.047s CPU (45.8%)

Start mod-gen.
I: Constant propagation done on u_tx/state_fsm[1:0]_5 (bmsREDAND).
I: Constant propagation done on out_xor (bmsREDXOR).
I: Constant propagation done on out_xor (bmsREDXOR).
Executing : mod-gen successfully. Time elapsed: 0.067s wall, 0.094s user + 0.047s system = 0.141s CPU (211.3%)

Start logic-optimization.
Executing : logic-optimization successfully. Time elapsed: 0.085s wall, 0.078s user + 0.000s system = 0.078s CPU (91.6%)

Start tech-mapping phase 1.
W: Public-4008: Instance 'response_data[8]' of 'bmsWIDEDFFCPE' unit is dangling and will be cleaned.
W: Public-4008: Instance 'response_data[9]' of 'bmsWIDEDFFCPE' unit is dangling and will be cleaned.
W: Public-4008: Instance 'response_data[10]' of 'bmsWIDEDFFCPE' unit is dangling and will be cleaned.
W: Public-4008: Instance 'response_data[11]' of 'bmsWIDEDFFCPE' unit is dangling and will be cleaned.
W: Public-4008: Instance 'response_data[12]' of 'bmsWIDEDFFCPE' unit is dangling and will be cleaned.
W: Public-4008: Instance 'response_data[13]' of 'bmsWIDEDFFCPE' unit is dangling and will be cleaned.
W: Public-4008: Instance 'response_data[14]' of 'bmsWIDEDFFCPE' unit is dangling and will be cleaned.
W: Public-4008: Instance 'response_data[15]' of 'bmsWIDEDFFCPE' unit is dangling and will be cleaned.
W: Public-4008: Instance 'response_data[16]' of 'bmsWIDEDFFCPE' unit is dangling and will be cleaned.
W: Public-4008: Instance 'response_data[17]' of 'bmsWIDEDFFCPE' unit is dangling and will be cleaned.
W: Public-4008: Instance 'response_data[18]' of 'bmsWIDEDFFCPE' unit is dangling and will be cleaned.
W: Public-4008: Instance 'response_data[19]' of 'bmsWIDEDFFCPE' unit is dangling and will be cleaned.
W: Public-4008: Instance 'response_data[20]' of 'bmsWIDEDFFCPE' unit is dangling and will be cleaned.
W: Public-4008: Instance 'response_data[21]' of 'bmsWIDEDFFCPE' unit is dangling and will be cleaned.
W: Public-4008: Instance 'response_data[22]' of 'bmsWIDEDFFCPE' unit is dangling and will be cleaned.
W: Public-4008: Instance 'response_data[23]' of 'bmsWIDEDFFCPE' unit is dangling and will be cleaned.
W: Public-4008: Instance 'response_data[24]' of 'bmsWIDEDFFCPE' unit is dangling and will be cleaned.
W: Public-4008: Instance 'response_data[25]' of 'bmsWIDEDFFCPE' unit is dangling and will be cleaned.
W: Public-4008: Instance 'response_data[26]' of 'bmsWIDEDFFCPE' unit is dangling and will be cleaned.
W: Public-4008: Instance 'response_data[27]' of 'bmsWIDEDFFCPE' unit is dangling and will be cleaned.
W: Public-4008: Instance 'response_data[28]' of 'bmsWIDEDFFCPE' unit is dangling and will be cleaned.
W: Public-4008: Instance 'response_data[29]' of 'bmsWIDEDFFCPE' unit is dangling and will be cleaned.
W: Public-4008: Instance 'response_data[30]' of 'bmsWIDEDFFCPE' unit is dangling and will be cleaned.
W: Public-4008: Instance 'response_data[31]' of 'bmsWIDEDFFCPE' unit is dangling and will be cleaned.
Executing : tech-mapping phase 1 successfully. Time elapsed: 0.012s wall, 0.016s user + 0.000s system = 0.016s CPU (133.1%)

Start tech-mapping phase 2.
Executing : tech-mapping phase 2 successfully. Time elapsed: 0.223s wall, 0.312s user + 0.172s system = 0.484s CPU (217.0%)

Start tech-optimization.
Executing : tech-optimization successfully. Time elapsed: 0.046s wall, 0.047s user + 0.062s system = 0.109s CPU (238.3%)

Start phys-optimization.
Executing : phys-optimization successfully. Time elapsed: 0.000s wall, 0.000s user + 0.000s system = 0.000s CPU (n/a%)

Start restore-hierarchy.
Executing : restore-hierarchy successfully. Time elapsed: 0.002s wall, 0.000s user + 0.000s system = 0.000s CPU (n/a%)

W: Unable to honor max fanout constraint for gtp_inv driven net N78
W: Unable to honor max fanout constraint for gtp_inv driven net N78

Cell Usage:
GTP_DFF_C                    17 uses
GTP_DFF_CE                  100 uses
GTP_DFF_P                     3 uses
GTP_DFF_PE                    3 uses
GTP_GRS                       1 use
GTP_INV                       2 uses
GTP_LUT2                      1 use
GTP_LUT3                      2 uses
GTP_LUT4                      7 uses
GTP_LUT5                     17 uses
GTP_LUT6                     29 uses
GTP_LUT6CARRY                49 uses
GTP_LUT6D                    28 uses
GTP_MUX2LUT7                  1 use
GTP_RAM32X2DP                 4 uses

I/O ports: 84
GTP_INBUF                  48 uses
GTP_OUTBUF                 36 uses

Mapping Summary:
Total LUTs: 137 of 66600 (0.21%)
	LUTs as dram: 4 of 19900 (0.02%)
	LUTs as logic: 133
Total Registers: 123 of 133200 (0.09%)
Total Latches: 0

DRM36K/FIFO:
Total DRM = 0.0 of 155 (0.00%)

APMs:
Total APMs = 0.00 of 240 (0.00%)

Total I/O ports = 84 of 285 (29.47%)


Overview of Control Sets:

Number of unique control sets : 15

Histogram:
**************************************************************
  Fanout      | Count    | Sync Set/Reset    Async Set/Reset
--------------------------------------------------------------
  [0, 2)      | 1        | 0                 1
  [2, 4)      | 2        | 0                 2
  [4, 6)      | 5        | 0                 5
  [6, 8)      | 0        | 0                 0
  [8, 10)     | 4        | 0                 4
  [10, 12)    | 1        | 0                 1
  [12, 14)    | 0        | 0                 0
  [14, 16)    | 0        | 0                 0
  [16, Inf)   | 2        | 0                 2
--------------------------------------------------------------
  The maximum fanout: 32
==============================================================

Flip-Flop Distribution:
************************************************************************
  Clock Enable    Sync Set/Reset    Async Set/Reset    Total Registers
------------------------------------------------------------------------
  NO              NO                NO                 0
  NO              NO                YES                20
  NO              YES               NO                 0
  YES             NO                NO                 0
  YES             NO                YES                103
  YES             YES               NO                 0
========================================================================

Latch Distribution:
************************************************
  Gate Enable    Preset/Clear    Total Latches
************************************************
  NO             NO              0
  NO             YES             0
  YES            NO              0
  YES            YES             0
************************************************

Design 'uart_mmio' has been successfully synthesized to architecture-specific objects.
Saving design to DB.
Saving design to uart_mmio_syn.vm
Constructing timing graph ...
Timing graph has been constructed successfully
W: Timing-4087: Port 'req_ready' is not constrained, it is treated as combinational output.
W: Timing-4087: Port 'rsp_error' is not constrained, it is treated as combinational output.
W: Timing-4087: Port 'rsp_rdata[0]' is not constrained, it is treated as combinational output.
W: Timing-4087: Port 'rsp_rdata[1]' is not constrained, it is treated as combinational output.
W: Timing-4087: Port 'rsp_rdata[2]' is not constrained, it is treated as combinational output.
W: Timing-4087: Port 'rsp_rdata[3]' is not constrained, it is treated as combinational output.
W: Timing-4087: Port 'rsp_rdata[4]' is not constrained, it is treated as combinational output.
W: Timing-4087: Port 'rsp_rdata[5]' is not constrained, it is treated as combinational output.
W: Timing-4087: Port 'rsp_rdata[6]' is not constrained, it is treated as combinational output.
W: Timing-4087: Port 'rsp_rdata[7]' is not constrained, it is treated as combinational output.
W: Timing-4087: Port 'rsp_rdata[8]' is not constrained, it is treated as combinational output.
W: Timing-4087: Port 'rsp_rdata[9]' is not constrained, it is treated as combinational output.
W: Timing-4087: Port 'rsp_rdata[10]' is not constrained, it is treated as combinational output.
W: Timing-4087: Port 'rsp_rdata[11]' is not constrained, it is treated as combinational output.
W: Timing-4087: Port 'rsp_rdata[12]' is not constrained, it is treated as combinational output.
W: Timing-4087: Port 'rsp_rdata[13]' is not constrained, it is treated as combinational output.
W: Timing-4087: Port 'rsp_rdata[14]' is not constrained, it is treated as combinational output.
W: Timing-4087: Port 'rsp_rdata[15]' is not constrained, it is treated as combinational output.
W: Timing-4087: Port 'rsp_rdata[16]' is not constrained, it is treated as combinational output.
W: Timing-4087: Port 'rsp_rdata[17]' is not constrained, it is treated as combinational output.
W: Timing-4087: Port 'rsp_rdata[18]' is not constrained, it is treated as combinational output.
W: Timing-4087: Port 'rsp_rdata[19]' is not constrained, it is treated as combinational output.
W: Timing-4087: Port 'rsp_rdata[20]' is not constrained, it is treated as combinational output.
W: Timing-4087: Port 'rsp_rdata[21]' is not constrained, it is treated as combinational output.
W: Timing-4087: Port 'rsp_rdata[22]' is not constrained, it is treated as combinational output.
W: Timing-4087: Port 'rsp_rdata[23]' is not constrained, it is treated as combinational output.
W: Timing-4087: Port 'rsp_rdata[24]' is not constrained, it is treated as combinational output.
W: Timing-4087: Port 'rsp_rdata[25]' is not constrained, it is treated as combinational output.
W: Timing-4087: Port 'rsp_rdata[26]' is not constrained, it is treated as combinational output.
W: Timing-4087: Port 'rsp_rdata[27]' is not constrained, it is treated as combinational output.
W: Timing-4087: Port 'rsp_rdata[28]' is not constrained, it is treated as combinational output.
W: Timing-4087: Port 'rsp_rdata[29]' is not constrained, it is treated as combinational output.
W: Timing-4087: Port 'rsp_rdata[30]' is not constrained, it is treated as combinational output.
W: Timing-4087: Port 'rsp_rdata[31]' is not constrained, it is treated as combinational output.
W: Timing-4087: Port 'rsp_valid' is not constrained, it is treated as combinational output.
W: Timing-4087: Port 'uart_tx' is not constrained, it is treated as combinational output.
W: Timing-4086: Port 'req_addr[0]' is not constrained, it is treated as combinational input.
W: Timing-4086: Port 'req_addr[1]' is not constrained, it is treated as combinational input.
W: Timing-4086: Port 'req_addr[2]' is not constrained, it is treated as combinational input.
W: Timing-4086: Port 'req_addr[3]' is not constrained, it is treated as combinational input.
W: Timing-4086: Port 'req_addr[4]' is not constrained, it is treated as combinational input.
W: Timing-4086: Port 'req_addr[5]' is not constrained, it is treated as combinational input.
W: Timing-4086: Port 'req_addr[6]' is not constrained, it is treated as combinational input.
W: Timing-4086: Port 'req_addr[7]' is not constrained, it is treated as combinational input.
W: Timing-4086: Port 'req_addr[8]' is not constrained, it is treated as combinational input.
W: Timing-4086: Port 'req_addr[9]' is not constrained, it is treated as combinational input.
W: Timing-4086: Port 'req_addr[10]' is not constrained, it is treated as combinational input.
W: Timing-4086: Port 'req_addr[11]' is not constrained, it is treated as combinational input.
W: Timing-4086: Port 'req_addr[12]' is not constrained, it is treated as combinational input.
W: Timing-4086: Port 'req_addr[13]' is not constrained, it is treated as combinational input.
W: Timing-4086: Port 'req_addr[14]' is not constrained, it is treated as combinational input.
W: Timing-4086: Port 'req_addr[15]' is not constrained, it is treated as combinational input.
W: Timing-4086: Port 'req_addr[16]' is not constrained, it is treated as combinational input.
W: Timing-4086: Port 'req_addr[17]' is not constrained, it is treated as combinational input.
W: Timing-4086: Port 'req_addr[18]' is not constrained, it is treated as combinational input.
W: Timing-4086: Port 'req_addr[19]' is not constrained, it is treated as combinational input.
W: Timing-4086: Port 'req_addr[20]' is not constrained, it is treated as combinational input.
W: Timing-4086: Port 'req_addr[21]' is not constrained, it is treated as combinational input.
W: Timing-4086: Port 'req_addr[22]' is not constrained, it is treated as combinational input.
W: Timing-4086: Port 'req_addr[23]' is not constrained, it is treated as combinational input.
W: Timing-4086: Port 'req_addr[24]' is not constrained, it is treated as combinational input.
W: Timing-4086: Port 'req_addr[25]' is not constrained, it is treated as combinational input.
W: Timing-4086: Port 'req_addr[26]' is not constrained, it is treated as combinational input.
W: Timing-4086: Port 'req_addr[27]' is not constrained, it is treated as combinational input.
W: Timing-4086: Port 'req_addr[28]' is not constrained, it is treated as combinational input.
W: Timing-4086: Port 'req_addr[29]' is not constrained, it is treated as combinational input.
W: Timing-4086: Port 'req_addr[30]' is not constrained, it is treated as combinational input.
W: Timing-4086: Port 'req_addr[31]' is not constrained, it is treated as combinational input.
W: Timing-4086: Port 'req_size[0]' is not constrained, it is treated as combinational input.
W: Timing-4086: Port 'req_size[1]' is not constrained, it is treated as combinational input.
W: Timing-4086: Port 'req_valid' is not constrained, it is treated as combinational input.
W: Timing-4086: Port 'req_wdata[0]' is not constrained, it is treated as combinational input.
W: Timing-4086: Port 'req_wdata[1]' is not constrained, it is treated as combinational input.
W: Timing-4086: Port 'req_wdata[2]' is not constrained, it is treated as combinational input.
W: Timing-4086: Port 'req_wdata[3]' is not constrained, it is treated as combinational input.
W: Timing-4086: Port 'req_wdata[4]' is not constrained, it is treated as combinational input.
W: Timing-4086: Port 'req_wdata[5]' is not constrained, it is treated as combinational input.
W: Timing-4086: Port 'req_wdata[6]' is not constrained, it is treated as combinational input.
W: Timing-4086: Port 'req_wdata[7]' is not constrained, it is treated as combinational input.
W: Timing-4086: Port 'req_write' is not constrained, it is treated as combinational input.
W: Timing-4086: Port 'req_wstrb[0]' is not constrained, it is treated as combinational input.
W: Timing-4086: Port 'resetn' is not constrained, it is treated as combinational input.
W: Timing-4086: Port 'uart_rx' is not constrained, it is treated as combinational input.
Action synthesize: Real time elapsed is 0h:0m:9s
Action synthesize: CPU time elapsed is 0h:0m:6s
Action synthesize: Process CPU time elapsed is 0h:0m:6s
Current time: Mon Oct  5 01:27:12 2026
Action synthesize: Peak memory pool usage is 332 MB
Action from compile to synthesize: Total Real Time elapsed is 0h:0m:13s
Action from compile to synthesize: Total CPU time elapsed is 0h:0m:6s
Action from compile to synthesize: Total Process CPU Time elapsed is 0h:0m:6s
Process "Synthesize" done.
