EXIT=0
=== store/load/branch ??? ===
 time | pc    | ex_mem: pc  is_b is_j bj_pc    valid | br_taken_ex mem_taken | flush | next_pc | mem_wb: pc rd we
 6000 | 00000000 | xxxxxxxx x x xxxxxxxx x | x x | x | xxxxxxxx | xxxxxxxx xx x
16000 | 00000000 | 00000000 0 0 00000000 0 | 0 0 | 0 | 00000004 | 00000000 x0 0
26000 | 00000000 | 00000000 0 0 00000000 0 | 0 0 | 0 | 00000004 | 00000000 x0 0
36000 | 00000000 | 00000000 0 0 00000000 0 | 0 0 | 0 | 00000004 | 00000000 x0 0
46000 | 00000000 | 00000000 0 0 00000000 0 | 0 0 | 0 | 00000004 | 00000000 x0 0
56000 | 00000004 | 00000000 0 0 00000000 0 | 0 0 | 0 | 00000008 | 00000000 x0 0
66000 | 00000008 | ffffffff 0 0 ffffffff 0 | 0 0 | 0 | 0000000c | 00000000 x0 0
76000 | 0000000c | 00000000 0 0 0000000a 1 | 0 0 | 0 | 00000010 | ffffffff x0 1
86000 | 00000010 | 00000000 0 0 0000000a 1 | 0 0 | 0 | 00000014 | 00000000 x1 1
96000 | 00000014 | 00000004 0 0 0000000e 1 | 1 0 | 0 | 00000018 | 00000000 x1 1
106000 | 00000018 | 00000008 1 0 00000014 1 | 0 1 | 1 | 00000014 | 00000004 x2 1
116000 | 00000014 | 00000000 0 0 00000000 0 | 0 0 | 0 | 00000018 | 00000008 x12 0
126000 | 00000018 | 00000000 0 0 00000000 0 | 0 0 | 0 | 0000001c | 00000000 x0 0
136000 | 0000001c | ffffffff 0 0 ffffffff 0 | 0 0 | 0 | 00000020 | 00000000 x0 0
146000 | 00000020 | 00000018 0 0 00000018 1 | 0 0 | 0 | 00000024 | ffffffff x0 1
156000 | 00000024 | 00000014 0 0 00000015 1 | 0 0 | 0 | 00000028 | 00000018 x0 1
166000 | 00000028 | 00000018 0 0 00000018 1 | 0 0 | 0 | 0000002c | 00000014 x3 1
176000 | 0000002c | 0000001c 0 0 0000001c 1 | 0 0 | 0 | 00000030 | 00000018 x0 1
186000 | 00000030 | 00000020 0 0 00000020 1 | 0 0 | 0 | 00000034 | 0000001c x0 1
196000 | 00000034 | 00000024 0 0 00000024 1 | 0 0 | 0 | 00000038 | 00000020 x0 1
206000 | 00000038 | 00000028 0 0 00000028 1 | 0 0 | 0 | 0000003c | 00000024 x0 1
216000 | 0000003c | 0000002c 0 0 0000002c 1 | 0 0 | 0 | 00000040 | 00000028 x0 1
226000 | 00000040 | 00000030 0 0 00000030 1 | 0 0 | 0 | 00000044 | 0000002c x0 1
236000 | 00000044 | 00000034 0 0 00000034 1 | 0 0 | 0 | 00000048 | 00000030 x0 1
246000 | 00000048 | 00000038 0 0 00000038 1 | 0 0 | 0 | 0000004c | 00000034 x0 1
256000 | 0000004c | 0000003c 0 0 0000003c 1 | 0 0 | 0 | 00000050 | 00000038 x0 1
266000 | 00000050 | 00000040 0 0 00000040 1 | 0 0 | 0 | 00000054 | 0000003c x0 1
276000 | 00000054 | 00000044 0 0 00000044 1 | 0 0 | 0 | 00000058 | 00000040 x0 1
286000 | 00000058 | 00000048 0 0 00000048 1 | 0 0 | 0 | 0000005c | 00000044 x0 1
296000 | 0000005c | 0000004c 0 0 0000004c 1 | 0 0 | 0 | 00000060 | 00000048 x0 1

