EXIT=0
=== ??? pc ???(??? pc ??valid,inst ??if_id/id_ex ???) ===
 time | valid |   pc   next_pc addr  inst_if | if_id_pc if_id_inst v | id_ex_pc id_ex_inst v | ex_mem_pc v | mem_wb_pc v
 6000 |   0   | 00000000 xxxxxxxx 00000000 00000000 | xxxxxxxx xxxxxxxx 1 | xxxxxxxx xxxxxxxx x | xxxxxxxx x | xxxxxxxx x
16000 |   0   | 00000000 00000004 00000000 00000000 | ffffffff 00000013 0 | 00000000 00000000 0 | 00000000 0 | 00000000 0
26000 |   0   | 00000000 00000004 00000000 00000000 | ffffffff 00000013 0 | 00000000 00000000 0 | 00000000 0 | 00000000 0
36000 |   0   | 00000000 00000004 00000000 00000000 | ffffffff 00000013 0 | 00000000 00000000 0 | 00000000 0 | 00000000 0
46000 |   1   | 00000000 00000004 00000004 12345537 | ffffffff 00000013 0 | 00000000 00000000 0 | 00000000 0 | 00000000 0
56000 |   1   | 00000004 00000008 00000008 12345537 | 00000000 12345537 1 | ffffffff 00000000 0 | 00000000 0 | 00000000 0
66000 |   1   | 00000008 0000000c 0000000c 00001597 | 00000004 12345537 1 | 00000000 12345000 1 | ffffffff 0 | 00000000 0
76000 |   1   | 0000000c 00000010 00000010 fff00613 | 00000008 00001597 1 | 00000004 12345000 1 | 00000000 1 | ffffffff 0
86000 |   1   | 00000010 00000014 00000014 00461713 | 0000000c fff00613 1 | 00000008 00001000 1 | 00000004 1 | 00000000 1
96000 |   1   | 00000014 00000018 00000018 00000013 | 00000010 00461713 1 | 0000000c ffffffff 1 | 00000008 1 | 00000004 1
106000 |   1   | 00000018 0000001c 0000001c 00000013 | 00000014 00000013 1 | 00000010 00000004 1 | 0000000c 1 | 00000008 1
116000 |   1   | 0000001c 00000020 00000020 00000013 | 00000018 00000013 1 | 00000014 00000000 1 | 00000010 1 | 0000000c 1
126000 |   1   | 00000020 00000024 00000024 00000013 | 0000001c 00000013 1 | 00000018 00000000 1 | 00000014 1 | 00000010 1
136000 |   1   | 00000024 00000028 00000028 00000013 | 00000020 00000013 1 | 0000001c 00000000 1 | 00000018 1 | 00000014 1
146000 |   1   | 00000028 0000002c 0000002c 00000013 | 00000024 00000013 1 | 00000020 00000000 1 | 0000001c 1 | 00000018 1
156000 |   1   | 0000002c 00000030 00000030 00000013 | 00000028 00000013 1 | 00000024 00000000 1 | 00000020 1 | 0000001c 1
166000 |   1   | 00000030 00000034 00000034 00000013 | 0000002c 00000013 1 | 00000028 00000000 1 | 00000024 1 | 00000020 1
176000 |   1   | 00000034 00000038 00000038 00000013 | 00000030 00000013 1 | 0000002c 00000000 1 | 00000028 1 | 00000024 1
186000 |   1   | 00000038 0000003c 0000003c 00000013 | 00000034 00000013 1 | 00000030 00000000 1 | 0000002c 1 | 00000028 1
196000 |   1   | 0000003c 00000040 00000040 00000013 | 00000038 00000013 1 | 00000034 00000000 1 | 00000030 1 | 0000002c 1
206000 |   1   | 00000040 00000044 00000044 00000013 | 0000003c 00000013 1 | 00000038 00000000 1 | 00000034 1 | 00000030 1
216000 |   1   | 00000044 00000048 00000048 00000013 | 00000040 00000013 1 | 0000003c 00000000 1 | 00000038 1 | 00000034 1
226000 |   1   | 00000048 0000004c 0000004c 00000013 | 00000044 00000013 1 | 00000040 00000000 1 | 0000003c 1 | 00000038 1
236000 |   1   | 0000004c 00000050 00000050 00000013 | 00000048 00000013 1 | 00000044 00000000 1 | 00000040 1 | 0000003c 1
246000 |   1   | 00000050 00000054 00000054 00000013 | 0000004c 00000013 1 | 00000048 00000000 1 | 00000044 1 | 00000040 1
256000 |   1   | 00000054 00000058 00000058 00000013 | 00000050 00000013 1 | 0000004c 00000000 1 | 00000048 1 | 00000044 1
266000 |   1   | 00000058 0000005c 0000005c 00000013 | 00000054 00000013 1 | 00000050 00000000 1 | 0000004c 1 | 00000048 1
276000 |   1   | 0000005c 00000060 00000060 00000013 | 00000058 00000013 1 | 00000054 00000000 1 | 00000050 1 | 0000004c 1
286000 |   1   | 00000060 00000064 00000064 00000013 | 0000005c 00000013 1 | 00000058 00000000 1 | 00000054 1 | 00000050 1
296000 |   1   | 00000064 00000068 00000068 00000013 | 00000060 00000013 1 | 0000005c 00000000 1 | 00000058 1 | 00000054 1
306000 |   1   | 00000068 0000006c 0000006c 00000013 | 00000064 00000013 1 | 00000060 00000000 1 | 0000005c 1 | 00000058 1
316000 |   1   | 0000006c 00000070 00000070 00000013 | 00000068 00000013 1 | 00000064 00000000 1 | 00000060 1 | 0000005c 1
326000 |   1   | 00000070 00000074 00000074 00000013 | 0000006c 00000013 1 | 00000068 00000000 1 | 00000064 1 | 00000060 1
336000 |   1   | 00000074 00000078 00000078 00000013 | 00000070 00000013 1 | 0000006c 00000000 1 | 00000068 1 | 00000064 1
346000 |   1   | 00000078 0000007c 0000007c 00000013 | 00000074 00000013 1 | 00000070 00000000 1 | 0000006c 1 | 00000068 1
356000 |   1   | 0000007c 00000080 00000080 00000013 | 00000078 00000013 1 | 00000074 00000000 1 | 00000070 1 | 0000006c 1
366000 |   1   | 00000080 00000084 00000084 00000013 | 0000007c 00000013 1 | 00000078 00000000 1 | 00000074 1 | 00000070 1
376000 |   1   | 00000084 00000088 00000088 00000013 | 00000080 00000013 1 | 0000007c 00000000 1 | 00000078 1 | 00000074 1
386000 |   1   | 00000088 0000008c 0000008c 00000013 | 00000084 00000013 1 | 00000080 00000000 1 | 0000007c 1 | 00000078 1
396000 |   1   | 0000008c 00000090 00000090 00000013 | 00000088 00000013 1 | 00000084 00000000 1 | 00000080 1 | 0000007c 1

