iverilog.exe : D:\riscv\RISCV\myriscv\mycpu_sync.v:66: warning: timescale for m
ycpu_sync inherited from another file.
???? D:\riscv\RISCV\.workbuddy\pipeline5\diag4.ps1:13 ??: 10
+ $log += (& $iv -g2012 -Wall -o "$dir\diag4.vvp" @srcs 2>&1 | Out-Stri ...
+          ~~~~~~~~~~~~~~~~~~~~~~~~~~~~~~~~~~~~~~~~~~~~~~~~~
    + CategoryInfo          : NotSpecified: (D:\riscv\RISCV\...m another file. 
   :String) [], RemoteException
    + FullyQualifiedErrorId : NativeCommandError
 
D:\riscv\RISCV\.workbuddy\pipeline5\tb_diag4.v:1: ...: The inherited timescale 
is here.
D:\riscv\RISCV\myriscv\regfile.v:1: warning: timescale for regfile inherited fr
om another file.
D:\riscv\RISCV\.workbuddy\pipeline5\tb_diag4.v:1: ...: The inherited timescale 
is here.
D:\riscv\RISCV\myriscv\alu.v:1: warning: timescale for alu inherited from anoth
er file.
D:\riscv\RISCV\.workbuddy\pipeline5\tb_diag4.v:1: ...: The inherited timescale 
is here.
D:\riscv\RISCV\myriscv\l_alu.v:1: warning: timescale for l_alu inherited from a
nother file.
D:\riscv\RISCV\.workbuddy\pipeline5\tb_diag4.v:1: ...: The inherited timescale 
is here.
D:\riscv\RISCV\myriscv\br_alu.v:7: warning: timescale for br_alu inherited from
 another file.
D:\riscv\RISCV\.workbuddy\pipeline5\tb_diag4.v:1: ...: The inherited timescale 
is here.
=== jal/jalr ?????? ===
 time | pc    | if_id: pc inst      v | id_ex: pc   bj_pc    is_j is_b rs1 r1v imm  v | ex_mem: pc   bj_pc    is_j is_b v | flush next_pc
 6000 | 00000000 | xxxxxxxx xxxxxxxx 1 | xxxxxxxx xxxxxxxx x x xx xxxxxxxx xxxxxxxx x | xxxxxxxx xxxxxxxx x x x | x xxxxxxxx
16000 | 00000000 | ffffffff 00000013 0 | 00000000 00000000 0 0 x0 00000000 00000000 0 | 00000000 00000000 0 0 0 | 0 00000004
26000 | 00000000 | ffffffff 00000013 0 | 00000000 00000000 0 0 x0 00000000 00000000 0 | 00000000 00000000 0 0 0 | 0 00000004
36000 | 00000000 | ffffffff 00000013 0 | 00000000 00000000 0 0 x0 00000000 00000000 0 | 00000000 00000000 0 0 0 | 0 00000004
46000 | 00000000 | ffffffff 00000013 0 | 00000000 00000000 0 0 x0 00000000 00000000 0 | 00000000 00000000 0 0 0 | 0 00000004
56000 | 00000004 | 00000000 00500093 1 | ffffffff ffffffff 0 0 x0 00000000 00000000 0 | 00000000 00000000 0 0 0 | 0 00000008
66000 | 00000008 | 00000000 00500093 1 | 00000000 00000005 0 0 x0 00000000 00000005 1 | ffffffff ffffffff 0 0 0 | 0 0000000c
76000 | 0000000c | 00000004 00c0016f 1 | 00000000 00000005 0 0 x0 00000000 00000005 1 | 00000000 00000005 0 0 1 | 0 00000010
86000 | 00000010 | 00000008 11100a13 1 | 00000004 00000010 1 0 x0 00000000 0000000c 1 | 00000000 00000005 0 0 1 | 0 00000014
96000 | 00000014 | 0000000c 22200a93 1 | 00000008 00000119 0 0 x0 00000000 00000111 1 | 00000004 00000010 1 0 1 | 1 00000010
106000 | 00000010 | ffffffff 00000013 0 | 00000000 00000000 0 0 x0 00000000 00000000 0 | 00000000 00000000 0 0 0 | 0 00000014
116000 | 00000014 | ffffffff 00000013 0 | ffffffff ffffffff 0 0 x0 00000000 00000000 0 | 00000000 00000000 0 0 0 | 0 00000018
126000 | 00000018 | 00000010 00700193 1 | ffffffff ffffffff 0 0 x0 00000000 00000000 0 | ffffffff ffffffff 0 0 0 | 0 0000001c
136000 | 0000001c | 00000014 02008267 1 | 00000010 00000017 0 0 x0 00000000 00000007 1 | ffffffff ffffffff 0 0 0 | 0 00000020
146000 | 00000020 | 00000018 33300b13 1 | 00000014 00000024 1 0 x1 00000005 00000020 1 | 00000010 00000017 0 0 1 | 0 00000024
156000 | 00000024 | 0000001c 44400b93 1 | 00000018 0000034b 0 0 x0 00000000 00000333 1 | 00000014 00000024 1 0 1 | 1 00000024
166000 | 00000024 | ffffffff 00000013 0 | 00000000 00000000 0 0 x0 00000000 00000000 0 | 00000000 00000000 0 0 0 | 0 00000028
176000 | 00000028 | ffffffff 00000013 0 | ffffffff ffffffff 0 0 x0 00000000 00000000 0 | 00000000 00000000 0 0 0 | 0 0000002c
186000 | 0000002c | 00000024 00b00313 1 | ffffffff ffffffff 0 0 x0 00000000 00000000 0 | ffffffff ffffffff 0 0 0 | 0 00000030
196000 | 00000030 | 00000028 00000013 1 | 00000024 0000002f 0 0 x0 00000000 0000000b 1 | ffffffff ffffffff 0 0 0 | 0 00000034
206000 | 00000034 | 0000002c 00000013 1 | 00000028 00000028 0 0 x0 00000000 00000000 1 | 00000024 0000002f 0 0 1 | 0 00000038
216000 | 00000038 | 00000030 00000013 1 | 0000002c 0000002c 0 0 x0 00000000 00000000 1 | 00000028 00000028 0 0 1 | 0 0000003c
226000 | 0000003c | 00000034 00000013 1 | 00000030 00000030 0 0 x0 00000000 00000000 1 | 0000002c 0000002c 0 0 1 | 0 00000040
236000 | 00000040 | 00000038 00000013 1 | 00000034 00000034 0 0 x0 00000000 00000000 1 | 00000030 00000030 0 0 1 | 0 00000044
246000 | 00000044 | 0000003c 00000013 1 | 00000038 00000038 0 0 x0 00000000 00000000 1 | 00000034 00000034 0 0 1 | 0 00000048
256000 | 00000048 | 00000040 00000013 1 | 0000003c 0000003c 0 0 x0 00000000 00000000 1 | 00000038 00000038 0 0 1 | 0 0000004c
266000 | 0000004c | 00000044 00000013 1 | 00000040 00000040 0 0 x0 00000000 00000000 1 | 0000003c 0000003c 0 0 1 | 0 00000050
276000 | 00000050 | 00000048 00000013 1 | 00000044 00000044 0 0 x0 00000000 00000000 1 | 00000040 00000040 0 0 1 | 0 00000054
286000 | 00000054 | 0000004c 00000013 1 | 00000048 00000048 0 0 x0 00000000 00000000 1 | 00000044 00000044 0 0 1 | 0 00000058
296000 | 00000058 | 00000050 00000013 1 | 0000004c 0000004c 0 0 x0 00000000 00000000 1 | 00000048 00000048 0 0 1 | 0 0000005c
306000 | 0000005c | 00000054 00000013 1 | 00000050 00000050 0 0 x0 00000000 00000000 1 | 0000004c 0000004c 0 0 1 | 0 00000060
316000 | 00000060 | 00000058 00000013 1 | 00000054 00000054 0 0 x0 00000000 00000000 1 | 00000050 00000050 0 0 1 | 0 00000064
326000 | 00000064 | 0000005c 00000013 1 | 00000058 00000058 0 0 x0 00000000 00000000 1 | 00000054 00000054 0 0 1 | 0 00000068
336000 | 00000068 | 00000060 00000013 1 | 0000005c 0000005c 0 0 x0 00000000 00000000 1 | 00000058 00000058 0 0 1 | 0 0000006c
346000 | 0000006c | 00000064 00000013 1 | 00000060 00000060 0 0 x0 00000000 00000000 1 | 0000005c 0000005c 0 0 1 | 0 00000070
356000 | 00000070 | 00000068 00000013 1 | 00000064 00000064 0 0 x0 00000000 00000000 1 | 00000060 00000060 0 0 1 | 0 00000074
366000 | 00000074 | 0000006c 00000013 1 | 00000068 00000068 0 0 x0 00000000 00000000 1 | 00000064 00000064 0 0 1 | 0 00000078
376000 | 00000078 | 00000070 00000013 1 | 0000006c 0000006c 0 0 x0 00000000 00000000 1 | 00000068 00000068 0 0 1 | 0 0000007c
386000 | 0000007c | 00000074 00000013 1 | 00000070 00000070 0 0 x0 00000000 00000000 1 | 0000006c 0000006c 0 0 1 | 0 00000080
396000 | 00000080 | 00000078 00000013 1 | 00000074 00000074 0 0 x0 00000000 00000000 1 | 00000070 00000070 0 0 1 | 0 00000084
406000 | 00000084 | 0000007c 00000013 1 | 00000078 00000078 0 0 x0 00000000 00000000 1 | 00000074 00000074 0 0 1 | 0 00000088
416000 | 00000088 | 00000080 00000013 1 | 0000007c 0000007c 0 0 x0 00000000 00000000 1 | 00000078 00000078 0 0 1 | 0 0000008c
426000 | 0000008c | 00000084 00000013 1 | 00000080 00000080 0 0 x0 00000000 00000000 1 | 0000007c 0000007c 0 0 1 | 0 00000090
436000 | 00000090 | 00000088 00000013 1 | 00000084 00000084 0 0 x0 00000000 00000000 1 | 00000080 00000080 0 0 1 | 0 00000094
446000 | 00000094 | 0000008c 00000013 1 | 00000088 00000088 0 0 x0 00000000 00000000 1 | 00000084 00000084 0 0 1 | 0 00000098
456000 | 00000098 | 00000090 00000013 1 | 0000008c 0000008c 0 0 x0 00000000 00000000 1 | 00000088 00000088 0 0 1 | 0 0000009c
--- ??????????---
x1=00000005 x2=00000008 x3=00000007 x4=00000018 x5=00000000 x6=0000000b x20=00000000 x21=00000000 x22=00000000 x23=00000000

