EXIT=0
=== store->load ?????,?????? ===
 time | ex_mem: pc    st_we addr  valid | RAM.addr RAM.rd_data | mem_wb: pc rd we wdata
 6000 | xxxxxxxx xxxx xxxxxxxx x | xxx 00000000 | xxxxxxxx xx x xxxxxxxx
16000 | 00000000 0000 00000000 0 | 000 00000000 | 00000000 x0 0 00000000
26000 | 00000000 0000 00000000 0 | 000 00000000 | 00000000 x0 0 00000000
36000 | 00000000 0000 00000000 0 | 000 00000000 | 00000000 x0 0 00000000
46000 | 00000000 0000 00000000 0 | 000 00000000 | 00000000 x0 0 00000000
56000 | 00000000 0000 00000000 0 | 000 00000000 | 00000000 x0 0 00000000
66000 | ffffffff 0000 00000000 0 | 000 00000000 | 00000000 x0 0 00000000
76000 | 00000000 0000 0000001f 1 | 007 00000000 | ffffffff x0 1 00000000
86000 | 00000000 0000 0000001f 1 | 007 00000000 | 00000000 x1 1 0000001f
96000 | 00000004 1111 00000004 1 | 001 00000000 | 00000000 x1 1 0000001f
106000 | 00000008 0000 00000000 1 | 000 00000000 | 00000004 x4 0 00000004
116000 | 0000000c 0000 00000000 1 | 000 00000000 | 00000008 x0 1 00000000
126000 | 00000010 0000 00000004 1 | 001 00000000 | 0000000c x0 1 00000000
136000 | 00000014 0000 00000014 1 | 005 0000001f | 00000010 x2 1 00000000
146000 | 00000018 0000 00000000 1 | 000 00000000 | 00000014 x3 1 00000014
156000 | 0000001c 0000 00000000 1 | 000 00000000 | 00000018 x0 1 00000000
166000 | 00000020 0000 00000000 1 | 000 00000000 | 0000001c x0 1 00000000
176000 | 00000024 0000 00000000 1 | 000 00000000 | 00000020 x0 1 00000000
186000 | 00000028 0000 00000000 1 | 000 00000000 | 00000024 x0 1 00000000
196000 | 0000002c 0000 00000000 1 | 000 00000000 | 00000028 x0 1 00000000
206000 | 00000030 0000 00000000 1 | 000 00000000 | 0000002c x0 1 00000000
216000 | 00000034 0000 00000000 1 | 000 00000000 | 00000030 x0 1 00000000
226000 | 00000038 0000 00000000 1 | 000 00000000 | 00000034 x0 1 00000000
236000 | 0000003c 0000 00000000 1 | 000 00000000 | 00000038 x0 1 00000000
246000 | 00000040 0000 00000000 1 | 000 00000000 | 0000003c x0 1 00000000
256000 | 00000044 0000 00000000 1 | 000 00000000 | 00000040 x0 1 00000000
266000 | 00000048 0000 00000000 1 | 000 00000000 | 00000044 x0 1 00000000
276000 | 0000004c 0000 00000000 1 | 000 00000000 | 00000048 x0 1 00000000
286000 | 00000050 0000 00000000 1 | 000 00000000 | 0000004c x0 1 00000000
296000 | 00000054 0000 00000000 1 | 000 00000000 | 00000050 x0 1 00000000
306000 | 00000058 0000 00000000 1 | 000 00000000 | 00000054 x0 1 00000000
316000 | 0000005c 0000 00000000 1 | 000 00000000 | 00000058 x0 1 00000000
326000 | 00000060 0000 00000000 1 | 000 00000000 | 0000005c x0 1 00000000
336000 | 00000064 0000 00000000 1 | 000 00000000 | 00000060 x0 1 00000000
346000 | 00000068 0000 00000000 1 | 000 00000000 | 00000064 x0 1 00000000
356000 | 0000006c 0000 00000000 1 | 000 00000000 | 00000068 x0 1 00000000
366000 | 00000070 0000 00000000 1 | 000 00000000 | 0000006c x0 1 00000000
376000 | 00000074 0000 00000000 1 | 000 00000000 | 00000070 x0 1 00000000
386000 | 00000078 0000 00000000 1 | 000 00000000 | 00000074 x0 1 00000000
396000 | 0000007c 0000 00000000 1 | 000 00000000 | 00000078 x0 1 00000000

