### compile TEST_G
iverilog.exe : D:\riscv\RISCV\myriscv\mycpu_sync.v:66: warning: timescale for m
ycpu_sync inherited from another file.
???? D:\riscv\RISCV\.workbuddy\pipeline5\run.ps1:19 ??: 10
+ $log += (& $iv @cargs 2>&1 | Out-String)
+          ~~~~~~~~~~~~~~~~~
    + CategoryInfo          : NotSpecified: (D:\riscv\RISCV\...m another file. 
   :String) [], RemoteException
    + FullyQualifiedErrorId : NativeCommandError
 
D:\riscv\RISCV\.workbuddy\pipeline5\tb_pipe5.v:1: ...: The inherited timescale 
is here.
D:\riscv\RISCV\myriscv\regfile.v:1: warning: timescale for regfile inherited fr
om another file.
D:\riscv\RISCV\.workbuddy\pipeline5\tb_pipe5.v:1: ...: The inherited timescale 
is here.
D:\riscv\RISCV\myriscv\alu.v:1: warning: timescale for alu inherited from anoth
er file.
D:\riscv\RISCV\.workbuddy\pipeline5\tb_pipe5.v:1: ...: The inherited timescale 
is here.
D:\riscv\RISCV\myriscv\l_alu.v:1: warning: timescale for l_alu inherited from a
nother file.
D:\riscv\RISCV\.workbuddy\pipeline5\tb_pipe5.v:1: ...: The inherited timescale 
is here.
D:\riscv\RISCV\myriscv\br_alu.v:7: warning: timescale for br_alu inherited from
 another file.
D:\riscv\RISCV\.workbuddy\pipeline5\tb_pipe5.v:1: ...: The inherited timescale 
is here.
EXIT_COMPILE=0
### run
=== TEST G: jal / jalr ??? + ?????===
  [wb] t=86000 pc=00000000 we=1 rd=x1 data=00000005                            
  [wb] t=96000 pc=00000000 we=1 rd=x1 data=00000005                            
  [wb] t=106000 pc=00000004 we=1 rd=x2 data=00000008                            
  [wb] t=156000 pc=00000010 we=1 rd=x3 data=00000007                            
  [wb] t=166000 pc=00000014 we=1 rd=x4 data=00000018                            
  [wb] t=216000 pc=00000024 we=1 rd=x6 data=0000000b                            
  [wb] t=226000 pc=00000028 we=1 rd=x0 data=00000000                            
  [wb] t=236000 pc=0000002c we=1 rd=x0 data=00000000                            
  [wb] t=246000 pc=00000030 we=1 rd=x0 data=00000000                            
  [wb] t=256000 pc=00000034 we=1 rd=x0 data=00000000                            
  [wb] t=266000 pc=00000038 we=1 rd=x0 data=00000000                            
  [wb] t=276000 pc=0000003c we=1 rd=x0 data=00000000                            
  [wb] t=286000 pc=00000040 we=1 rd=x0 data=00000000                            
  [wb] t=296000 pc=00000044 we=1 rd=x0 data=00000000                            
  [wb] t=306000 pc=00000048 we=1 rd=x0 data=00000000                            
  [wb] t=316000 pc=0000004c we=1 rd=x0 data=00000000                            
  [wb] t=326000 pc=00000050 we=1 rd=x0 data=00000000                            
  [wb] t=336000 pc=00000054 we=1 rd=x0 data=00000000                            
  [wb] t=346000 pc=00000058 we=1 rd=x0 data=00000000                            
  [wb] t=356000 pc=0000005c we=1 rd=x0 data=00000000                            
  [wb] t=366000 pc=00000060 we=1 rd=x0 data=00000000                            
  [wb] t=376000 pc=00000064 we=1 rd=x0 data=00000000                            
  [wb] t=386000 pc=00000068 we=1 rd=x0 data=00000000                            
  [wb] t=396000 pc=0000006c we=1 rd=x0 data=00000000                            
  [wb] t=406000 pc=00000070 we=1 rd=x0 data=00000000                            
  [wb] t=416000 pc=00000074 we=1 rd=x0 data=00000000                            
  [wb] t=426000 pc=00000078 we=1 rd=x0 data=00000000                            
  [wb] t=436000 pc=0000007c we=1 rd=x0 data=00000000                            
  [ ok ] x1 = 5 = 00000005
  [ ok ]  = jal ?????0x08(pc 0x04+4) = 00000008
  [ ok ] ?????x???????????????????= 00000000
  [ ok ] ?????x???????????????????= 00000000
  [ ok ] x3 = 7(jal ?????0x10 ??? = 00000007
  [ ok ] = jalr ?????0x18(pc 0x14+4) = 00000018
  [ ok ] ?????x???????????????????= 00000000
  [ ok ] ?????x???????????????????= 00000000
  [ ok ] 20 ??jalr ???,??????) = 00000000
  [ ok ]  0xB(jalr ??? 0x24 ????? = 0000000b
=== PASS ===
EXIT_RUN=0

